Archive member included to satisfy reference by file (symbol)

../projet_bsp/\libhal_bsp.a(alt_load.o)
                              ../projet_bsp//obj/HAL/src/crt0.o (alt_load)
../projet_bsp/\libhal_bsp.a(alt_main.o)
                              ../projet_bsp//obj/HAL/src/crt0.o (alt_main)
../projet_bsp/\libhal_bsp.a(alt_printf.o)
                              obj/default/hello_world_small.o (alt_printf)
../projet_bsp/\libhal_bsp.a(alt_putchar.o)
                              ../projet_bsp/\libhal_bsp.a(alt_printf.o) (alt_putchar)
../projet_bsp/\libhal_bsp.a(alt_usleep.o)
                              obj/default/hello_world_small.o (usleep)
../projet_bsp/\libhal_bsp.a(alt_sys_init.o)
                              ../projet_bsp/\libhal_bsp.a(alt_main.o) (alt_irq_init)
../projet_bsp/\libhal_bsp.a(altera_avalon_jtag_uart_write.o)
                              ../projet_bsp/\libhal_bsp.a(alt_putchar.o) (altera_avalon_jtag_uart_write)
../projet_bsp/\libhal_bsp.a(alt_busy_sleep.o)
                              ../projet_bsp/\libhal_bsp.a(alt_usleep.o) (alt_busy_sleep)
../projet_bsp/\libhal_bsp.a(alt_dcache_flush_all.o)
                              ../projet_bsp/\libhal_bsp.a(alt_load.o) (alt_dcache_flush_all)
../projet_bsp/\libhal_bsp.a(alt_icache_flush_all.o)
                              ../projet_bsp/\libhal_bsp.a(alt_load.o) (alt_icache_flush_all)
../projet_bsp/\libhal_bsp.a(altera_nios2_qsys_irq.o)
                              ../projet_bsp/\libhal_bsp.a(alt_sys_init.o) (altera_nios2_qsys_irq_init)
c:/altera/15.0/nios2eds/bin/gnu/h-x86_64-mingw32/bin/../lib/gcc/nios2-elf/4.9.1/mno-hw-mul\libgcc.a(lib2-divmod.o)
                              ../projet_bsp/\libhal_bsp.a(alt_busy_sleep.o) (__udivsi3)
c:/altera/15.0/nios2eds/bin/gnu/h-x86_64-mingw32/bin/../lib/gcc/nios2-elf/4.9.1/mno-hw-mul\libgcc.a(lib2-mul.o)
                              ../projet_bsp/\libhal_bsp.a(alt_busy_sleep.o) (__mulsi3)

Memory Configuration

Name             Origin             Length             Attributes
reset            0x0000000000008000 0x0000000000000020
sram             0x0000000000008020 0x0000000000004e00
*default*        0x0000000000000000 0xffffffffffffffff

Linker script and memory map

LOAD ../projet_bsp//obj/HAL/src/crt0.o
LOAD obj/default/hello_world_small.o
LOAD c:/altera/15.0/nios2eds/bin/gnu/h-x86_64-mingw32/bin/../lib/gcc/nios2-elf/4.9.1/../../../../../H-x86_64-mingw32/nios2-elf/lib/mno-hw-mul\libstdc++.a
LOAD c:/altera/15.0/nios2eds/bin/gnu/h-x86_64-mingw32/bin/../lib/gcc/nios2-elf/4.9.1/../../../../../H-x86_64-mingw32/nios2-elf/lib/mno-hw-mul\libm.a
LOAD c:/altera/15.0/nios2eds/bin/gnu/h-x86_64-mingw32/bin/../lib/gcc/nios2-elf/4.9.1/mno-hw-mul\libgcc.a
START GROUP
LOAD c:/altera/15.0/nios2eds/bin/gnu/h-x86_64-mingw32/bin/../lib/gcc/nios2-elf/4.9.1/../../../../../H-x86_64-mingw32/nios2-elf/lib/mno-hw-mul\libsmallc.a
LOAD c:/altera/15.0/nios2eds/bin/gnu/h-x86_64-mingw32/bin/../lib/gcc/nios2-elf/4.9.1/mno-hw-mul\libgcc.a
LOAD ../projet_bsp/\libhal_bsp.a
LOAD c:/altera/15.0/nios2eds/bin/gnu/h-x86_64-mingw32/bin/../lib/gcc/nios2-elf/4.9.1/../../../../../H-x86_64-mingw32/nios2-elf/lib/mno-hw-mul\libm.a
END GROUP
LOAD c:/altera/15.0/nios2eds/bin/gnu/h-x86_64-mingw32/bin/../lib/gcc/nios2-elf/4.9.1/mno-hw-mul\libgcc.a
                0x0000000000008000                __alt_mem_sram = 0x8000

.entry          0x0000000000008000       0x20
 *(.entry)
 .entry         0x0000000000008000       0x20 ../projet_bsp//obj/HAL/src/crt0.o
                0x0000000000008000                __reset
                0x000000000000800c                _exit

.exceptions     0x0000000000008020        0x0
                0x0000000000008020                PROVIDE (__ram_exceptions_start, ABSOLUTE (.))
                0x0000000000008020                . = ALIGN (0x20)
 *(.irq)
 *(.exceptions.entry.label)
 *(.exceptions.entry.user)
 *(.exceptions.entry.ecc_fatal)
 *(.exceptions.entry)
 *(.exceptions.irqtest.user)
 *(.exceptions.irqtest)
 *(.exceptions.irqhandler.user)
 *(.exceptions.irqhandler)
 *(.exceptions.irqreturn.user)
 *(.exceptions.irqreturn)
 *(.exceptions.notirq.label)
 *(.exceptions.notirq.user)
 *(.exceptions.notirq)
 *(.exceptions.soft.user)
 *(.exceptions.soft)
 *(.exceptions.unknown.user)
 *(.exceptions.unknown)
 *(.exceptions.exit.label)
 *(.exceptions.exit.user)
 *(.exceptions.exit)
 *(.exceptions)
                0x0000000000008020                PROVIDE (__ram_exceptions_end, ABSOLUTE (.))
                0x0000000000008020                PROVIDE (__flash_exceptions_start, LOADADDR (.exceptions))

.text           0x0000000000008020      0x618
                0x0000000000008020                PROVIDE (stext, ABSOLUTE (.))
 *(.interp)
 *(.hash)
 *(.dynsym)
 *(.dynstr)
 *(.gnu.version)
 *(.gnu.version_d)
 *(.gnu.version_r)
 *(.rel.init)
 *(.rela.init)
 *(.rel.text .rel.text.* .rel.gnu.linkonce.t.*)
 *(.rela.text .rela.text.* .rela.gnu.linkonce.t.*)
 *(.rel.fini)
 *(.rela.fini)
 *(.rel.rodata .rel.rodata.* .rel.gnu.linkonce.r.*)
 *(.rela.rodata .rela.rodata.* .rela.gnu.linkonce.r.*)
 *(.rel.data .rel.data.* .rel.gnu.linkonce.d.*)
 *(.rela.data .rela.data.* .rela.gnu.linkonce.d.*)
 *(.rel.tdata .rel.tdata.* .rel.gnu.linkonce.td.*)
 *(.rela.tdata .rela.tdata.* .rela.gnu.linkonce.td.*)
 *(.rel.tbss .rel.tbss.* .rel.gnu.linkonce.tb.*)
 *(.rela.tbss .rela.tbss.* .rela.gnu.linkonce.tb.*)
 *(.rel.ctors)
 *(.rela.ctors)
 *(.rel.dtors)
 *(.rela.dtors)
 *(.rel.got)
 *(.rela.got)
 *(.rel.sdata .rel.sdata.* .rel.gnu.linkonce.s.*)
 *(.rela.sdata .rela.sdata.* .rela.gnu.linkonce.s.*)
 *(.rel.sbss .rel.sbss.* .rel.gnu.linkonce.sb.*)
 *(.rela.sbss .rela.sbss.* .rela.gnu.linkonce.sb.*)
 *(.rel.sdata2 .rel.sdata2.* .rel.gnu.linkonce.s2.*)
 *(.rela.sdata2 .rela.sdata2.* .rela.gnu.linkonce.s2.*)
 *(.rel.sbss2 .rel.sbss2.* .rel.gnu.linkonce.sb2.*)
 *(.rela.sbss2 .rela.sbss2.* .rela.gnu.linkonce.sb2.*)
 *(.rel.bss .rel.bss.* .rel.gnu.linkonce.b.*)
 *(.rela.bss .rela.bss.* .rela.gnu.linkonce.b.*)
 *(.rel.plt)
 *(.rela.plt)
 *(.rel.dyn)
 *(.init)
 *(.plt)
 *(.text .stub .text.* .gnu.linkonce.t.*)
 .text          0x0000000000008020       0x3c ../projet_bsp//obj/HAL/src/crt0.o
                0x0000000000008020                _start
 .text          0x000000000000805c        0x0 obj/default/hello_world_small.o
 .text.startup  0x000000000000805c       0xbc obj/default/hello_world_small.o
                0x000000000000805c                main
 .text          0x0000000000008118       0xf8 ../projet_bsp/\libhal_bsp.a(alt_load.o)
                0x0000000000008118                alt_load
 .text          0x0000000000008210       0x2c ../projet_bsp/\libhal_bsp.a(alt_main.o)
                0x0000000000008210                alt_main
 .text          0x000000000000823c      0x16c ../projet_bsp/\libhal_bsp.a(alt_printf.o)
                0x000000000000823c                alt_printf
 .text          0x00000000000083a8       0x48 ../projet_bsp/\libhal_bsp.a(alt_putchar.o)
                0x00000000000083a8                alt_putchar
 .text          0x00000000000083f0        0x4 ../projet_bsp/\libhal_bsp.a(alt_usleep.o)
                0x00000000000083f0                usleep
 .text          0x00000000000083f4       0x24 ../projet_bsp/\libhal_bsp.a(alt_sys_init.o)
                0x00000000000083f4                alt_irq_init
                0x0000000000008414                alt_sys_init
 .text          0x0000000000008418       0x34 ../projet_bsp/\libhal_bsp.a(altera_avalon_jtag_uart_write.o)
                0x0000000000008418                altera_avalon_jtag_uart_write
 .text          0x000000000000844c       0x88 ../projet_bsp/\libhal_bsp.a(alt_busy_sleep.o)
                0x000000000000844c                alt_busy_sleep
 .text          0x00000000000084d4        0x4 ../projet_bsp/\libhal_bsp.a(alt_dcache_flush_all.o)
                0x00000000000084d4                alt_dcache_flush_all
 .text          0x00000000000084d8        0x4 ../projet_bsp/\libhal_bsp.a(alt_icache_flush_all.o)
                0x00000000000084d8                alt_icache_flush_all
 .text          0x00000000000084dc        0x8 ../projet_bsp/\libhal_bsp.a(altera_nios2_qsys_irq.o)
                0x00000000000084dc                altera_nios2_qsys_irq_init
 .text          0x00000000000084e4      0x12c c:/altera/15.0/nios2eds/bin/gnu/h-x86_64-mingw32/bin/../lib/gcc/nios2-elf/4.9.1/mno-hw-mul\libgcc.a(lib2-divmod.o)
                0x0000000000008550                __divsi3
                0x00000000000085a4                __modsi3
                0x0000000000008600                __udivsi3
                0x0000000000008608                __umodsi3
 .text          0x0000000000008610       0x28 c:/altera/15.0/nios2eds/bin/gnu/h-x86_64-mingw32/bin/../lib/gcc/nios2-elf/4.9.1/mno-hw-mul\libgcc.a(lib2-mul.o)
                0x0000000000008610                __mulsi3
 *(.gnu.warning.*)
 *(.fini)
                0x0000000000008638                PROVIDE (__etext, ABSOLUTE (.))
                0x0000000000008638                PROVIDE (_etext, ABSOLUTE (.))
                0x0000000000008638                PROVIDE (etext, ABSOLUTE (.))
 *(.eh_frame_hdr)
                0x0000000000008638                . = ALIGN (0x4)
                0x0000000000008638                PROVIDE (__preinit_array_start, ABSOLUTE (.))
 *(.preinit_array)
                0x0000000000008638                PROVIDE (__preinit_array_end, ABSOLUTE (.))
                0x0000000000008638                PROVIDE (__init_array_start, ABSOLUTE (.))
 *(.init_array)
                0x0000000000008638                PROVIDE (__init_array_end, ABSOLUTE (.))
                0x0000000000008638                PROVIDE (__fini_array_start, ABSOLUTE (.))
 *(.fini_array)
                0x0000000000008638                PROVIDE (__fini_array_end, ABSOLUTE (.))
 *(.eh_frame)
 *(.gcc_except_table .gcc_except_table.*)
 *(.dynamic)
                0x0000000000008638                PROVIDE (__CTOR_LIST__, ABSOLUTE (.))
 *(.ctors)
 *(SORT(.ctors.*))
                0x0000000000008638                PROVIDE (__CTOR_END__, ABSOLUTE (.))
                0x0000000000008638                PROVIDE (__DTOR_LIST__, ABSOLUTE (.))
 *(.dtors)
 *(SORT(.dtors.*))
                0x0000000000008638                PROVIDE (__DTOR_END__, ABSOLUTE (.))
 *(.jcr)
                0x0000000000008638                . = ALIGN (0x4)

.rodata         0x0000000000008638       0x44
                0x0000000000008638                PROVIDE (__ram_rodata_start, ABSOLUTE (.))
                0x0000000000008638                . = ALIGN (0x4)
 *(.rodata .rodata.* .gnu.linkonce.r.*)
 .rodata.str1.4
                0x0000000000008638       0x44 obj/default/hello_world_small.o
 *(.rodata1)
                0x000000000000867c                . = ALIGN (0x4)
                0x000000000000867c                PROVIDE (__ram_rodata_end, ABSOLUTE (.))
                0x0000000000008638                PROVIDE (__flash_rodata_start, LOADADDR (.rodata))

.rwdata         0x000000000000867c        0x4 load address 0x0000000000008680
                0x000000000000867c                PROVIDE (__ram_rwdata_start, ABSOLUTE (.))
                0x000000000000867c                . = ALIGN (0x4)
 *(.got.plt)
 *(.got)
 *(.data1)
 *(.data .data.* .gnu.linkonce.d.*)
 .data          0x000000000000867c        0x0 ../projet_bsp//obj/HAL/src/crt0.o
 .data          0x000000000000867c        0x0 obj/default/hello_world_small.o
 .data          0x000000000000867c        0x0 ../projet_bsp/\libhal_bsp.a(alt_load.o)
 .data          0x000000000000867c        0x0 ../projet_bsp/\libhal_bsp.a(alt_main.o)
 .data          0x000000000000867c        0x0 ../projet_bsp/\libhal_bsp.a(alt_printf.o)
 .data          0x000000000000867c        0x0 ../projet_bsp/\libhal_bsp.a(alt_putchar.o)
 .data          0x000000000000867c        0x0 ../projet_bsp/\libhal_bsp.a(alt_usleep.o)
 .data          0x000000000000867c        0x0 ../projet_bsp/\libhal_bsp.a(alt_sys_init.o)
 .data          0x000000000000867c        0x0 ../projet_bsp/\libhal_bsp.a(altera_avalon_jtag_uart_write.o)
 .data          0x000000000000867c        0x0 ../projet_bsp/\libhal_bsp.a(alt_busy_sleep.o)
 .data          0x000000000000867c        0x0 ../projet_bsp/\libhal_bsp.a(alt_dcache_flush_all.o)
 .data          0x000000000000867c        0x0 ../projet_bsp/\libhal_bsp.a(alt_icache_flush_all.o)
 .data          0x000000000000867c        0x0 ../projet_bsp/\libhal_bsp.a(altera_nios2_qsys_irq.o)
 .data          0x000000000000867c        0x0 c:/altera/15.0/nios2eds/bin/gnu/h-x86_64-mingw32/bin/../lib/gcc/nios2-elf/4.9.1/mno-hw-mul\libgcc.a(lib2-divmod.o)
 .data          0x000000000000867c        0x0 c:/altera/15.0/nios2eds/bin/gnu/h-x86_64-mingw32/bin/../lib/gcc/nios2-elf/4.9.1/mno-hw-mul\libgcc.a(lib2-mul.o)
                0x000000000001067c                _gp = ABSOLUTE ((. + 0x8000))
                0x000000000001067c                PROVIDE (gp, _gp)
 *(.rwdata .rwdata.*)
 *(.sdata .sdata.* .gnu.linkonce.s.*)
 .sdata         0x000000000000867c        0x4 ../projet_bsp/\libhal_bsp.a(alt_sys_init.o)
                0x000000000000867c                jtag_uart_0
 *(.sdata2 .sdata2.* .gnu.linkonce.s2.*)
                0x0000000000008680                . = ALIGN (0x4)
                0x0000000000008680                _edata = ABSOLUTE (.)
                0x0000000000008680                PROVIDE (edata, ABSOLUTE (.))
                0x0000000000008680                PROVIDE (__ram_rwdata_end, ABSOLUTE (.))
                0x0000000000008680                PROVIDE (__flash_rwdata_start, LOADADDR (.rwdata))

.bss            0x0000000000008684        0xc
                0x0000000000008684                __bss_start = ABSOLUTE (.)
                0x0000000000008684                PROVIDE (__sbss_start, ABSOLUTE (.))
                0x0000000000008684                PROVIDE (___sbss_start, ABSOLUTE (.))
 *(.dynsbss)
 *(.sbss .sbss.* .gnu.linkonce.sb.*)
 .sbss          0x0000000000008684        0xc ../projet_bsp/\libhal_bsp.a(alt_main.o)
                0x0000000000008684                alt_envp
                0x0000000000008688                alt_argv
                0x000000000000868c                alt_argc
 *(.sbss2 .sbss2.* .gnu.linkonce.sb2.*)
 *(.scommon)
                0x0000000000008690                PROVIDE (__sbss_end, ABSOLUTE (.))
                0x0000000000008690                PROVIDE (___sbss_end, ABSOLUTE (.))
 *(.dynbss)
 *(.bss .bss.* .gnu.linkonce.b.*)
 .bss           0x0000000000008690        0x0 ../projet_bsp//obj/HAL/src/crt0.o
 .bss           0x0000000000008690        0x0 obj/default/hello_world_small.o
 .bss           0x0000000000008690        0x0 ../projet_bsp/\libhal_bsp.a(alt_load.o)
 .bss           0x0000000000008690        0x0 ../projet_bsp/\libhal_bsp.a(alt_main.o)
 .bss           0x0000000000008690        0x0 ../projet_bsp/\libhal_bsp.a(alt_printf.o)
 .bss           0x0000000000008690        0x0 ../projet_bsp/\libhal_bsp.a(alt_putchar.o)
 .bss           0x0000000000008690        0x0 ../projet_bsp/\libhal_bsp.a(alt_usleep.o)
 .bss           0x0000000000008690        0x0 ../projet_bsp/\libhal_bsp.a(alt_sys_init.o)
 .bss           0x0000000000008690        0x0 ../projet_bsp/\libhal_bsp.a(altera_avalon_jtag_uart_write.o)
 .bss           0x0000000000008690        0x0 ../projet_bsp/\libhal_bsp.a(alt_busy_sleep.o)
 .bss           0x0000000000008690        0x0 ../projet_bsp/\libhal_bsp.a(alt_dcache_flush_all.o)
 .bss           0x0000000000008690        0x0 ../projet_bsp/\libhal_bsp.a(alt_icache_flush_all.o)
 .bss           0x0000000000008690        0x0 ../projet_bsp/\libhal_bsp.a(altera_nios2_qsys_irq.o)
 .bss           0x0000000000008690        0x0 c:/altera/15.0/nios2eds/bin/gnu/h-x86_64-mingw32/bin/../lib/gcc/nios2-elf/4.9.1/mno-hw-mul\libgcc.a(lib2-divmod.o)
 .bss           0x0000000000008690        0x0 c:/altera/15.0/nios2eds/bin/gnu/h-x86_64-mingw32/bin/../lib/gcc/nios2-elf/4.9.1/mno-hw-mul\libgcc.a(lib2-mul.o)
 *(COMMON)
                0x0000000000008690                . = ALIGN (0x4)
                0x0000000000008690                __bss_end = ABSOLUTE (.)

.sram           0x0000000000008690        0x0
                0x0000000000008690                PROVIDE (_alt_partition_sram_start, ABSOLUTE (.))
 *(.sram .sram. sram.*)
                0x0000000000008690                . = ALIGN (0x4)
                0x0000000000008690                PROVIDE (_alt_partition_sram_end, ABSOLUTE (.))
                0x0000000000008690                _end = ABSOLUTE (.)
                0x0000000000008690                end = ABSOLUTE (.)
                0x0000000000008690                __alt_stack_base = ABSOLUTE (.)
                0x0000000000008690                PROVIDE (_alt_partition_sram_load_addr, LOADADDR (.sram))

.stab
 *(.stab)

.stabstr
 *(.stabstr)

.stab.excl
 *(.stab.excl)

.stab.exclstr
 *(.stab.exclstr)

.stab.index
 *(.stab.index)

.stab.indexstr
 *(.stab.indexstr)

.comment        0x0000000000000000       0x23
 *(.comment)
 .comment       0x0000000000000000       0x23 obj/default/hello_world_small.o
                                         0x24 (size before relaxing)
 .comment       0x0000000000000000       0x24 ../projet_bsp/\libhal_bsp.a(alt_load.o)
 .comment       0x0000000000000000       0x24 ../projet_bsp/\libhal_bsp.a(alt_main.o)
 .comment       0x0000000000000000       0x24 ../projet_bsp/\libhal_bsp.a(alt_printf.o)
 .comment       0x0000000000000000       0x24 ../projet_bsp/\libhal_bsp.a(alt_putchar.o)
 .comment       0x0000000000000000       0x24 ../projet_bsp/\libhal_bsp.a(alt_usleep.o)
 .comment       0x0000000000000000       0x24 ../projet_bsp/\libhal_bsp.a(alt_sys_init.o)
 .comment       0x0000000000000000       0x24 ../projet_bsp/\libhal_bsp.a(altera_avalon_jtag_uart_write.o)
 .comment       0x0000000000000000       0x24 ../projet_bsp/\libhal_bsp.a(alt_busy_sleep.o)
 .comment       0x0000000000000000       0x24 ../projet_bsp/\libhal_bsp.a(alt_dcache_flush_all.o)
 .comment       0x0000000000000000       0x24 ../projet_bsp/\libhal_bsp.a(alt_icache_flush_all.o)
 .comment       0x0000000000000000       0x24 ../projet_bsp/\libhal_bsp.a(altera_nios2_qsys_irq.o)
 .comment       0x0000000000000000       0x24 c:/altera/15.0/nios2eds/bin/gnu/h-x86_64-mingw32/bin/../lib/gcc/nios2-elf/4.9.1/mno-hw-mul\libgcc.a(lib2-divmod.o)
 .comment       0x0000000000000000       0x24 c:/altera/15.0/nios2eds/bin/gnu/h-x86_64-mingw32/bin/../lib/gcc/nios2-elf/4.9.1/mno-hw-mul\libgcc.a(lib2-mul.o)

.debug
 *(.debug)

.line
 *(.line)

.debug_srcinfo
 *(.debug_srcinfo)

.debug_sfnames
 *(.debug_sfnames)

.debug_aranges  0x0000000000000000      0x1e8
 *(.debug_aranges)
 .debug_aranges
                0x0000000000000000       0x28 ../projet_bsp//obj/HAL/src/crt0.o
 .debug_aranges
                0x0000000000000028       0x20 obj/default/hello_world_small.o
 .debug_aranges
                0x0000000000000048       0x20 ../projet_bsp/\libhal_bsp.a(alt_load.o)
 .debug_aranges
                0x0000000000000068       0x20 ../projet_bsp/\libhal_bsp.a(alt_main.o)
 .debug_aranges
                0x0000000000000088       0x20 ../projet_bsp/\libhal_bsp.a(alt_printf.o)
 .debug_aranges
                0x00000000000000a8       0x20 ../projet_bsp/\libhal_bsp.a(alt_putchar.o)
 .debug_aranges
                0x00000000000000c8       0x20 ../projet_bsp/\libhal_bsp.a(alt_usleep.o)
 .debug_aranges
                0x00000000000000e8       0x20 ../projet_bsp/\libhal_bsp.a(alt_sys_init.o)
 .debug_aranges
                0x0000000000000108       0x20 ../projet_bsp/\libhal_bsp.a(altera_avalon_jtag_uart_write.o)
 .debug_aranges
                0x0000000000000128       0x20 ../projet_bsp/\libhal_bsp.a(alt_busy_sleep.o)
 .debug_aranges
                0x0000000000000148       0x20 ../projet_bsp/\libhal_bsp.a(alt_dcache_flush_all.o)
 .debug_aranges
                0x0000000000000168       0x20 ../projet_bsp/\libhal_bsp.a(alt_icache_flush_all.o)
 .debug_aranges
                0x0000000000000188       0x20 ../projet_bsp/\libhal_bsp.a(altera_nios2_qsys_irq.o)
 .debug_aranges
                0x00000000000001a8       0x20 c:/altera/15.0/nios2eds/bin/gnu/h-x86_64-mingw32/bin/../lib/gcc/nios2-elf/4.9.1/mno-hw-mul\libgcc.a(lib2-divmod.o)
 .debug_aranges
                0x00000000000001c8       0x20 c:/altera/15.0/nios2eds/bin/gnu/h-x86_64-mingw32/bin/../lib/gcc/nios2-elf/4.9.1/mno-hw-mul\libgcc.a(lib2-mul.o)

.debug_pubnames
 *(.debug_pubnames)

.debug_info     0x0000000000000000     0x10f1
 *(.debug_info .gnu.linkonce.wi.*)
 .debug_info    0x0000000000000000       0x72 ../projet_bsp//obj/HAL/src/crt0.o
 .debug_info    0x0000000000000072      0x173 obj/default/hello_world_small.o
 .debug_info    0x00000000000001e5      0x1d2 ../projet_bsp/\libhal_bsp.a(alt_load.o)
 .debug_info    0x00000000000003b7      0x17b ../projet_bsp/\libhal_bsp.a(alt_main.o)
 .debug_info    0x0000000000000532      0x153 ../projet_bsp/\libhal_bsp.a(alt_printf.o)
 .debug_info    0x0000000000000685      0x138 ../projet_bsp/\libhal_bsp.a(alt_putchar.o)
 .debug_info    0x00000000000007bd       0xd0 ../projet_bsp/\libhal_bsp.a(alt_usleep.o)
 .debug_info    0x000000000000088d      0x17a ../projet_bsp/\libhal_bsp.a(alt_sys_init.o)
 .debug_info    0x0000000000000a07      0x190 ../projet_bsp/\libhal_bsp.a(altera_avalon_jtag_uart_write.o)
 .debug_info    0x0000000000000b97       0xd1 ../projet_bsp/\libhal_bsp.a(alt_busy_sleep.o)
 .debug_info    0x0000000000000c68       0x8b ../projet_bsp/\libhal_bsp.a(alt_dcache_flush_all.o)
 .debug_info    0x0000000000000cf3       0x8b ../projet_bsp/\libhal_bsp.a(alt_icache_flush_all.o)
 .debug_info    0x0000000000000d7e       0x8b ../projet_bsp/\libhal_bsp.a(altera_nios2_qsys_irq.o)
 .debug_info    0x0000000000000e09      0x234 c:/altera/15.0/nios2eds/bin/gnu/h-x86_64-mingw32/bin/../lib/gcc/nios2-elf/4.9.1/mno-hw-mul\libgcc.a(lib2-divmod.o)
 .debug_info    0x000000000000103d       0xb4 c:/altera/15.0/nios2eds/bin/gnu/h-x86_64-mingw32/bin/../lib/gcc/nios2-elf/4.9.1/mno-hw-mul\libgcc.a(lib2-mul.o)

.debug_abbrev   0x0000000000000000      0x99a
 *(.debug_abbrev)
 .debug_abbrev  0x0000000000000000       0x12 ../projet_bsp//obj/HAL/src/crt0.o
 .debug_abbrev  0x0000000000000012       0xc8 obj/default/hello_world_small.o
 .debug_abbrev  0x00000000000000da       0xe1 ../projet_bsp/\libhal_bsp.a(alt_load.o)
 .debug_abbrev  0x00000000000001bb      0x120 ../projet_bsp/\libhal_bsp.a(alt_main.o)
 .debug_abbrev  0x00000000000002db       0xde ../projet_bsp/\libhal_bsp.a(alt_printf.o)
 .debug_abbrev  0x00000000000003b9       0xd4 ../projet_bsp/\libhal_bsp.a(alt_putchar.o)
 .debug_abbrev  0x000000000000048d       0x96 ../projet_bsp/\libhal_bsp.a(alt_usleep.o)
 .debug_abbrev  0x0000000000000523      0x107 ../projet_bsp/\libhal_bsp.a(alt_sys_init.o)
 .debug_abbrev  0x000000000000062a       0xd5 ../projet_bsp/\libhal_bsp.a(altera_avalon_jtag_uart_write.o)
 .debug_abbrev  0x00000000000006ff       0x8d ../projet_bsp/\libhal_bsp.a(alt_busy_sleep.o)
 .debug_abbrev  0x000000000000078c       0x42 ../projet_bsp/\libhal_bsp.a(alt_dcache_flush_all.o)
 .debug_abbrev  0x00000000000007ce       0x42 ../projet_bsp/\libhal_bsp.a(alt_icache_flush_all.o)
 .debug_abbrev  0x0000000000000810       0x42 ../projet_bsp/\libhal_bsp.a(altera_nios2_qsys_irq.o)
 .debug_abbrev  0x0000000000000852       0xd9 c:/altera/15.0/nios2eds/bin/gnu/h-x86_64-mingw32/bin/../lib/gcc/nios2-elf/4.9.1/mno-hw-mul\libgcc.a(lib2-divmod.o)
 .debug_abbrev  0x000000000000092b       0x6f c:/altera/15.0/nios2eds/bin/gnu/h-x86_64-mingw32/bin/../lib/gcc/nios2-elf/4.9.1/mno-hw-mul\libgcc.a(lib2-mul.o)

.debug_line     0x0000000000000000      0x9b4
 *(.debug_line)
 .debug_line    0x0000000000000000       0x66 ../projet_bsp//obj/HAL/src/crt0.o
 .debug_line    0x0000000000000066       0xeb obj/default/hello_world_small.o
 .debug_line    0x0000000000000151       0xa6 ../projet_bsp/\libhal_bsp.a(alt_load.o)
 .debug_line    0x00000000000001f7       0xbd ../projet_bsp/\libhal_bsp.a(alt_main.o)
 .debug_line    0x00000000000002b4      0x108 ../projet_bsp/\libhal_bsp.a(alt_printf.o)
 .debug_line    0x00000000000003bc       0x4d ../projet_bsp/\libhal_bsp.a(alt_putchar.o)
 .debug_line    0x0000000000000409       0xc7 ../projet_bsp/\libhal_bsp.a(alt_usleep.o)
 .debug_line    0x00000000000004d0      0x101 ../projet_bsp/\libhal_bsp.a(alt_sys_init.o)
 .debug_line    0x00000000000005d1       0xf0 ../projet_bsp/\libhal_bsp.a(altera_avalon_jtag_uart_write.o)
 .debug_line    0x00000000000006c1       0xc0 ../projet_bsp/\libhal_bsp.a(alt_busy_sleep.o)
 .debug_line    0x0000000000000781       0x4e ../projet_bsp/\libhal_bsp.a(alt_dcache_flush_all.o)
 .debug_line    0x00000000000007cf       0x4e ../projet_bsp/\libhal_bsp.a(alt_icache_flush_all.o)
 .debug_line    0x000000000000081d       0x50 ../projet_bsp/\libhal_bsp.a(altera_nios2_qsys_irq.o)
 .debug_line    0x000000000000086d       0xc7 c:/altera/15.0/nios2eds/bin/gnu/h-x86_64-mingw32/bin/../lib/gcc/nios2-elf/4.9.1/mno-hw-mul\libgcc.a(lib2-divmod.o)
 .debug_line    0x0000000000000934       0x80 c:/altera/15.0/nios2eds/bin/gnu/h-x86_64-mingw32/bin/../lib/gcc/nios2-elf/4.9.1/mno-hw-mul\libgcc.a(lib2-mul.o)

.debug_frame    0x0000000000000000      0x2c8
 *(.debug_frame)
 .debug_frame   0x0000000000000000       0x30 obj/default/hello_world_small.o
 .debug_frame   0x0000000000000030       0x30 ../projet_bsp/\libhal_bsp.a(alt_load.o)
 .debug_frame   0x0000000000000060       0x2c ../projet_bsp/\libhal_bsp.a(alt_main.o)
 .debug_frame   0x000000000000008c       0x54 ../projet_bsp/\libhal_bsp.a(alt_printf.o)
 .debug_frame   0x00000000000000e0       0x30 ../projet_bsp/\libhal_bsp.a(alt_putchar.o)
 .debug_frame   0x0000000000000110       0x20 ../projet_bsp/\libhal_bsp.a(alt_usleep.o)
 .debug_frame   0x0000000000000130       0x3c ../projet_bsp/\libhal_bsp.a(alt_sys_init.o)
 .debug_frame   0x000000000000016c       0x20 ../projet_bsp/\libhal_bsp.a(altera_avalon_jtag_uart_write.o)
 .debug_frame   0x000000000000018c       0x30 ../projet_bsp/\libhal_bsp.a(alt_busy_sleep.o)
 .debug_frame   0x00000000000001bc       0x20 ../projet_bsp/\libhal_bsp.a(alt_dcache_flush_all.o)
 .debug_frame   0x00000000000001dc       0x20 ../projet_bsp/\libhal_bsp.a(alt_icache_flush_all.o)
 .debug_frame   0x00000000000001fc       0x20 ../projet_bsp/\libhal_bsp.a(altera_nios2_qsys_irq.o)
 .debug_frame   0x000000000000021c       0x8c c:/altera/15.0/nios2eds/bin/gnu/h-x86_64-mingw32/bin/../lib/gcc/nios2-elf/4.9.1/mno-hw-mul\libgcc.a(lib2-divmod.o)
 .debug_frame   0x00000000000002a8       0x20 c:/altera/15.0/nios2eds/bin/gnu/h-x86_64-mingw32/bin/../lib/gcc/nios2-elf/4.9.1/mno-hw-mul\libgcc.a(lib2-mul.o)

.debug_str      0x0000000000000000      0x6e5
 *(.debug_str)
 .debug_str     0x0000000000000000      0x105 obj/default/hello_world_small.o
                                        0x143 (size before relaxing)
 .debug_str     0x0000000000000105      0x159 ../projet_bsp/\libhal_bsp.a(alt_load.o)
                                        0x223 (size before relaxing)
 .debug_str     0x000000000000025e       0x8f ../projet_bsp/\libhal_bsp.a(alt_main.o)
                                        0x19c (size before relaxing)
 .debug_str     0x00000000000002ed       0x59 ../projet_bsp/\libhal_bsp.a(alt_printf.o)
                                         0xf9 (size before relaxing)
 .debug_str     0x0000000000000346       0x60 ../projet_bsp/\libhal_bsp.a(alt_putchar.o)
                                        0x174 (size before relaxing)
 .debug_str     0x00000000000003a6       0x24 ../projet_bsp/\libhal_bsp.a(alt_usleep.o)
                                        0x13e (size before relaxing)
 .debug_str     0x00000000000003ca       0x86 ../projet_bsp/\libhal_bsp.a(alt_sys_init.o)
                                        0x20d (size before relaxing)
 .debug_str     0x0000000000000450       0x3f ../projet_bsp/\libhal_bsp.a(altera_avalon_jtag_uart_write.o)
                                        0x1fc (size before relaxing)
 .debug_str     0x000000000000048f       0x33 ../projet_bsp/\libhal_bsp.a(alt_busy_sleep.o)
                                        0x152 (size before relaxing)
 .debug_str     0x00000000000004c2       0x1f ../projet_bsp/\libhal_bsp.a(alt_dcache_flush_all.o)
                                        0x13c (size before relaxing)
 .debug_str     0x00000000000004e1       0x1f ../projet_bsp/\libhal_bsp.a(alt_icache_flush_all.o)
                                        0x13c (size before relaxing)
 .debug_str     0x0000000000000500       0x20 ../projet_bsp/\libhal_bsp.a(altera_nios2_qsys_irq.o)
                                        0x143 (size before relaxing)
 .debug_str     0x0000000000000520      0x185 c:/altera/15.0/nios2eds/bin/gnu/h-x86_64-mingw32/bin/../lib/gcc/nios2-elf/4.9.1/mno-hw-mul\libgcc.a(lib2-divmod.o)
                                        0x1d0 (size before relaxing)
 .debug_str     0x00000000000006a5       0x40 c:/altera/15.0/nios2eds/bin/gnu/h-x86_64-mingw32/bin/../lib/gcc/nios2-elf/4.9.1/mno-hw-mul\libgcc.a(lib2-mul.o)
                                        0x191 (size before relaxing)

.debug_loc      0x0000000000000000      0x6d8
 *(.debug_loc)
 .debug_loc     0x0000000000000000       0x1f obj/default/hello_world_small.o
 .debug_loc     0x000000000000001f       0x8d ../projet_bsp/\libhal_bsp.a(alt_load.o)
 .debug_loc     0x00000000000000ac      0x1c6 ../projet_bsp/\libhal_bsp.a(alt_printf.o)
 .debug_loc     0x0000000000000272       0x2c ../projet_bsp/\libhal_bsp.a(alt_putchar.o)
 .debug_loc     0x000000000000029e       0x21 ../projet_bsp/\libhal_bsp.a(alt_usleep.o)
 .debug_loc     0x00000000000002bf       0x21 ../projet_bsp/\libhal_bsp.a(alt_sys_init.o)
 .debug_loc     0x00000000000002e0       0x8b ../projet_bsp/\libhal_bsp.a(altera_avalon_jtag_uart_write.o)
 .debug_loc     0x000000000000036b       0x67 ../projet_bsp/\libhal_bsp.a(alt_busy_sleep.o)
 .debug_loc     0x00000000000003d2      0x273 c:/altera/15.0/nios2eds/bin/gnu/h-x86_64-mingw32/bin/../lib/gcc/nios2-elf/4.9.1/mno-hw-mul\libgcc.a(lib2-divmod.o)
 .debug_loc     0x0000000000000645       0x93 c:/altera/15.0/nios2eds/bin/gnu/h-x86_64-mingw32/bin/../lib/gcc/nios2-elf/4.9.1/mno-hw-mul\libgcc.a(lib2-mul.o)

.debug_macinfo
 *(.debug_macinfo)

.debug_weaknames
 *(.debug_weaknames)

.debug_funcnames
 *(.debug_funcnames)

.debug_typenames
 *(.debug_typenames)

.debug_varnames
 *(.debug_varnames)

.debug_alt_sim_info
                0x0000000000000000       0x40
 *(.debug_alt_sim_info)
 .debug_alt_sim_info
                0x0000000000000000       0x10 ../projet_bsp//obj/HAL/src/crt0.o
 .debug_alt_sim_info
                0x0000000000000010       0x30 ../projet_bsp/\libhal_bsp.a(alt_busy_sleep.o)
                0x000000000000ce20                __alt_data_end = 0xce20
                0x000000000000ce20                PROVIDE (__alt_stack_pointer, __alt_data_end)
                0x0000000000008690                PROVIDE (__alt_stack_limit, __alt_stack_base)
                0x0000000000008690                PROVIDE (__alt_heap_start, end)
                0x000000000000ce20                PROVIDE (__alt_heap_limit, 0xce20)
OUTPUT(projet.elf elf32-littlenios2)

.debug_ranges   0x0000000000000000       0x90
 .debug_ranges  0x0000000000000000       0x20 ../projet_bsp//obj/HAL/src/crt0.o
 .debug_ranges  0x0000000000000020       0x10 obj/default/hello_world_small.o
 .debug_ranges  0x0000000000000030       0x48 ../projet_bsp/\libhal_bsp.a(alt_load.o)
 .debug_ranges  0x0000000000000078       0x18 ../projet_bsp/\libhal_bsp.a(alt_printf.o)
