Archive member included because of file (symbol)

../test_compteur_bsp/\libhal_bsp.a(alt_load.o)
                              ../test_compteur_bsp//obj/HAL/src/crt0.o (alt_load)
../test_compteur_bsp/\libhal_bsp.a(alt_main.o)
                              ../test_compteur_bsp//obj/HAL/src/crt0.o (alt_main)
../test_compteur_bsp/\libhal_bsp.a(alt_printf.o)
                              obj/ledkey.o (alt_printf)
../test_compteur_bsp/\libhal_bsp.a(alt_putchar.o)
                              ../test_compteur_bsp/\libhal_bsp.a(alt_printf.o) (alt_putchar)
../test_compteur_bsp/\libhal_bsp.a(alt_putstr.o)
                              obj/ledkey.o (alt_putstr)
../test_compteur_bsp/\libhal_bsp.a(alt_usleep.o)
                              obj/ledkey.o (usleep)
../test_compteur_bsp/\libhal_bsp.a(alt_sys_init.o)
                              ../test_compteur_bsp/\libhal_bsp.a(alt_main.o) (alt_sys_init)
../test_compteur_bsp/\libhal_bsp.a(altera_avalon_jtag_uart_write.o)
                              ../test_compteur_bsp/\libhal_bsp.a(alt_putchar.o) (altera_avalon_jtag_uart_write)
../test_compteur_bsp/\libhal_bsp.a(alt_busy_sleep.o)
                              ../test_compteur_bsp/\libhal_bsp.a(alt_usleep.o) (alt_busy_sleep)
../test_compteur_bsp/\libhal_bsp.a(alt_dcache_flush_all.o)
                              ../test_compteur_bsp/\libhal_bsp.a(alt_load.o) (alt_dcache_flush_all)
../test_compteur_bsp/\libhal_bsp.a(alt_icache_flush_all.o)
                              ../test_compteur_bsp/\libhal_bsp.a(alt_load.o) (alt_icache_flush_all)
../test_compteur_bsp/\libhal_bsp.a(altera_nios2_irq.o)
                              ../test_compteur_bsp/\libhal_bsp.a(alt_sys_init.o) (altera_nios2_irq_init)
c:/altera/11.0sp1/nios2eds/bin/gnu/h-i686-mingw32/bin/../lib/gcc/nios2-elf/4.1.2/../../../../nios2-elf/lib/mno-hw-mul\libsmallc.a(lib_a-strlen.o)
                              ../test_compteur_bsp/\libhal_bsp.a(alt_putstr.o) (strlen)
c:/altera/11.0sp1/nios2eds/bin/gnu/h-i686-mingw32/bin/../lib/gcc/nios2-elf/4.1.2/mno-hw-mul\libgcc.a(lib2-divmod.o)
                              ../test_compteur_bsp/\libhal_bsp.a(alt_busy_sleep.o) (__udivsi3)
c:/altera/11.0sp1/nios2eds/bin/gnu/h-i686-mingw32/bin/../lib/gcc/nios2-elf/4.1.2/mno-hw-mul\libgcc.a(lib2-mul.o)
                              ../test_compteur_bsp/\libhal_bsp.a(alt_busy_sleep.o) (__mulsi3)

Allocating common symbols
Common symbol       size              file

etatBouton0         0x2               obj/ledkey.o
etatBouton1         0x2               obj/ledkey.o
compteur            0x2               obj/ledkey.o

Memory Configuration

Name             Origin             Length             Attributes
reset            0x00008000         0x00000020
sram             0x00008020         0x00004fe0
*default*        0x00000000         0xffffffff

Linker script and memory map

LOAD ../test_compteur_bsp//obj/HAL/src/crt0.o
                0x0000800c                exit = _exit
LOAD obj/ledkey.o
LOAD c:/altera/11.0sp1/nios2eds/bin/gnu/h-i686-mingw32/bin/../lib/gcc/nios2-elf/4.1.2/../../../../nios2-elf/lib/mno-hw-mul\libstdc++.a
LOAD c:/altera/11.0sp1/nios2eds/bin/gnu/h-i686-mingw32/bin/../lib/gcc/nios2-elf/4.1.2/../../../../nios2-elf/lib/mno-hw-mul\libm.a
LOAD c:/altera/11.0sp1/nios2eds/bin/gnu/h-i686-mingw32/bin/../lib/gcc/nios2-elf/4.1.2/mno-hw-mul\libgcc.a
START GROUP
LOAD c:/altera/11.0sp1/nios2eds/bin/gnu/h-i686-mingw32/bin/../lib/gcc/nios2-elf/4.1.2/../../../../nios2-elf/lib/mno-hw-mul\libsmallc.a
LOAD c:/altera/11.0sp1/nios2eds/bin/gnu/h-i686-mingw32/bin/../lib/gcc/nios2-elf/4.1.2/mno-hw-mul\libgcc.a
LOAD ../test_compteur_bsp/\libhal_bsp.a
END GROUP
LOAD c:/altera/11.0sp1/nios2eds/bin/gnu/h-i686-mingw32/bin/../lib/gcc/nios2-elf/4.1.2/mno-hw-mul\libgcc.a
                0x00008000                __alt_mem_sram = 0x8000

.entry          0x00008000       0x20
 *(.entry)
 .entry         0x00008000       0x20 ../test_compteur_bsp//obj/HAL/src/crt0.o
                0x00008000                __reset
                0x0000800c                _exit

.exceptions     0x00008020        0x0
                0x00008020                PROVIDE (__ram_exceptions_start, ABSOLUTE (.))
                0x00008020                . = ALIGN (0x20)
 *(.irq)
 *(.exceptions.entry.label)
 *(.exceptions.entry.user)
 *(.exceptions.entry)
 *(.exceptions.irqtest.user)
 *(.exceptions.irqtest)
 *(.exceptions.irqhandler.user)
 *(.exceptions.irqhandler)
 *(.exceptions.irqreturn.user)
 *(.exceptions.irqreturn)
 *(.exceptions.notirq.label)
 *(.exceptions.notirq.user)
 *(.exceptions.notirq)
 *(.exceptions.soft.user)
 *(.exceptions.soft)
 *(.exceptions.unknown.user)
 *(.exceptions.unknown)
 *(.exceptions.exit.label)
 *(.exceptions.exit.user)
 *(.exceptions.exit)
 *(.exceptions)
                0x00008020                PROVIDE (__ram_exceptions_end, ABSOLUTE (.))
                0x00008020                PROVIDE (__flash_exceptions_start, LOADADDR (.exceptions))

.text           0x00008020      0x670
                0x00008020                PROVIDE (stext, ABSOLUTE (.))
 *(.interp)
 *(.hash)
 *(.dynsym)
 *(.dynstr)
 *(.gnu.version)
 *(.gnu.version_d)
 *(.gnu.version_r)
 *(.rel.init)
 *(.rela.init)
 *(.rel.text .rel.text.* .rel.gnu.linkonce.t.*)
 *(.rela.text .rela.text.* .rela.gnu.linkonce.t.*)
 *(.rel.fini)
 *(.rela.fini)
 *(.rel.rodata .rel.rodata.* .rel.gnu.linkonce.r.*)
 *(.rela.rodata .rela.rodata.* .rela.gnu.linkonce.r.*)
 *(.rel.data .rel.data.* .rel.gnu.linkonce.d.*)
 *(.rela.data .rela.data.* .rela.gnu.linkonce.d.*)
 *(.rel.tdata .rel.tdata.* .rel.gnu.linkonce.td.*)
 *(.rela.tdata .rela.tdata.* .rela.gnu.linkonce.td.*)
 *(.rel.tbss .rel.tbss.* .rel.gnu.linkonce.tb.*)
 *(.rela.tbss .rela.tbss.* .rela.gnu.linkonce.tb.*)
 *(.rel.ctors)
 *(.rela.ctors)
 *(.rel.dtors)
 *(.rela.dtors)
 *(.rel.got)
 *(.rela.got)
 *(.rel.sdata .rel.sdata.* .rel.gnu.linkonce.s.*)
 *(.rela.sdata .rela.sdata.* .rela.gnu.linkonce.s.*)
 *(.rel.sbss .rel.sbss.* .rel.gnu.linkonce.sb.*)
 *(.rela.sbss .rela.sbss.* .rela.gnu.linkonce.sb.*)
 *(.rel.sdata2 .rel.sdata2.* .rel.gnu.linkonce.s2.*)
 *(.rela.sdata2 .rela.sdata2.* .rela.gnu.linkonce.s2.*)
 *(.rel.sbss2 .rel.sbss2.* .rel.gnu.linkonce.sb2.*)
 *(.rela.sbss2 .rela.sbss2.* .rela.gnu.linkonce.sb2.*)
 *(.rel.bss .rel.bss.* .rel.gnu.linkonce.b.*)
 *(.rela.bss .rela.bss.* .rela.gnu.linkonce.b.*)
 *(.rel.plt)
 *(.rela.plt)
 *(.rel.dyn)
 *(.init)
 *(.plt)
 *(.text .stub .text.* .gnu.linkonce.t.*)
 .text          0x00008020       0x3c ../test_compteur_bsp//obj/HAL/src/crt0.o
                0x00008020                _start
 .text          0x0000805c      0x114 obj/ledkey.o
                0x0000805c                main
 .text          0x00008170       0x8c ../test_compteur_bsp/\libhal_bsp.a(alt_load.o)
                0x00008190                alt_load
 .text          0x000081fc       0x2c ../test_compteur_bsp/\libhal_bsp.a(alt_main.o)
                0x000081fc                alt_main
 .text          0x00008228      0x144 ../test_compteur_bsp/\libhal_bsp.a(alt_printf.o)
                0x00008228                alt_printf
 .text          0x0000836c       0x50 ../test_compteur_bsp/\libhal_bsp.a(alt_putchar.o)
                0x0000836c                alt_putchar
 .text          0x000083bc       0x38 ../test_compteur_bsp/\libhal_bsp.a(alt_putstr.o)
                0x000083bc                alt_putstr
 .text          0x000083f4        0x4 ../test_compteur_bsp/\libhal_bsp.a(alt_usleep.o)
                0x000083f4                usleep
 .text          0x000083f8       0x24 ../test_compteur_bsp/\libhal_bsp.a(alt_sys_init.o)
                0x000083f8                alt_sys_init
                0x000083fc                alt_irq_init
 .text          0x0000841c       0x34 ../test_compteur_bsp/\libhal_bsp.a(altera_avalon_jtag_uart_write.o)
                0x0000841c                altera_avalon_jtag_uart_write
 .text          0x00008450       0x8c ../test_compteur_bsp/\libhal_bsp.a(alt_busy_sleep.o)
                0x00008450                alt_busy_sleep
 .text          0x000084dc        0x4 ../test_compteur_bsp/\libhal_bsp.a(alt_dcache_flush_all.o)
                0x000084dc                alt_dcache_flush_all
 .text          0x000084e0        0x4 ../test_compteur_bsp/\libhal_bsp.a(alt_icache_flush_all.o)
                0x000084e0                alt_icache_flush_all
 .text          0x000084e4        0x8 ../test_compteur_bsp/\libhal_bsp.a(altera_nios2_irq.o)
                0x000084e4                altera_nios2_irq_init
 .text          0x000084ec       0x20 c:/altera/11.0sp1/nios2eds/bin/gnu/h-i686-mingw32/bin/../lib/gcc/nios2-elf/4.1.2/../../../../nios2-elf/lib/mno-hw-mul\libsmallc.a(lib_a-strlen.o)
                0x000084ec                strlen
 .text          0x0000850c      0x14c c:/altera/11.0sp1/nios2eds/bin/gnu/h-i686-mingw32/bin/../lib/gcc/nios2-elf/4.1.2/mno-hw-mul\libgcc.a(lib2-divmod.o)
                0x00008588                __divsi3
                0x000085e8                __modsi3
                0x00008648                __udivsi3
                0x00008650                __umodsi3
 .text          0x00008658       0x38 c:/altera/11.0sp1/nios2eds/bin/gnu/h-i686-mingw32/bin/../lib/gcc/nios2-elf/4.1.2/mno-hw-mul\libgcc.a(lib2-mul.o)
                0x00008658                __mulsi3
 *(.gnu.warning.*)
 *(.fini)
                0x00008690                PROVIDE (__etext, ABSOLUTE (.))
                0x00008690                PROVIDE (_etext, ABSOLUTE (.))
                0x00008690                PROVIDE (etext, ABSOLUTE (.))
 *(.eh_frame_hdr)
                0x00008690                . = ALIGN (0x4)
                0x00008690                PROVIDE (__preinit_array_start, ABSOLUTE (.))
 *(.preinit_array)
                0x00008690                PROVIDE (__preinit_array_end, ABSOLUTE (.))
                0x00008690                PROVIDE (__init_array_start, ABSOLUTE (.))
 *(.init_array)
                0x00008690                PROVIDE (__init_array_end, ABSOLUTE (.))
                0x00008690                PROVIDE (__fini_array_start, ABSOLUTE (.))
 *(.fini_array)
                0x00008690                PROVIDE (__fini_array_end, ABSOLUTE (.))
 *(.eh_frame)
 *(.gcc_except_table)
 *(.dynamic)
                0x00008690                PROVIDE (__CTOR_LIST__, ABSOLUTE (.))
 *(.ctors)
 *(SORT(.ctors.*))
                0x00008690                PROVIDE (__CTOR_END__, ABSOLUTE (.))
                0x00008690                PROVIDE (__DTOR_LIST__, ABSOLUTE (.))
 *(.dtors)
 *(SORT(.dtors.*))
                0x00008690                PROVIDE (__DTOR_END__, ABSOLUTE (.))
 *(.jcr)
                0x00008690                . = ALIGN (0x4)

.rodata         0x00008690       0x34
                0x00008690                PROVIDE (__ram_rodata_start, ABSOLUTE (.))
                0x00008690                . = ALIGN (0x4)
 *(.rodata .rodata.* .gnu.linkonce.r.*)
 .rodata.str1.4
                0x00008690       0x34 obj/ledkey.o
 *(.rodata1)
                0x000086c4                . = ALIGN (0x4)
                0x000086c4                PROVIDE (__ram_rodata_end, ABSOLUTE (.))
                0x00008690                PROVIDE (__flash_rodata_start, LOADADDR (.rodata))

.rwdata         0x000086c4        0x4 load address 0x000086c8
                0x000086c4                PROVIDE (__ram_rwdata_start, ABSOLUTE (.))
                0x000086c4                . = ALIGN (0x4)
 *(.got.plt)
 *(.got)
 *(.data1)
 *(.data .data.* .gnu.linkonce.d.*)
 .data          0x000086c4        0x0 ../test_compteur_bsp//obj/HAL/src/crt0.o
 .data          0x000086c4        0x0 obj/ledkey.o
 .data          0x000086c4        0x0 ../test_compteur_bsp/\libhal_bsp.a(alt_load.o)
 .data          0x000086c4        0x0 ../test_compteur_bsp/\libhal_bsp.a(alt_main.o)
 .data          0x000086c4        0x0 ../test_compteur_bsp/\libhal_bsp.a(alt_printf.o)
 .data          0x000086c4        0x0 ../test_compteur_bsp/\libhal_bsp.a(alt_putchar.o)
 .data          0x000086c4        0x0 ../test_compteur_bsp/\libhal_bsp.a(alt_putstr.o)
 .data          0x000086c4        0x0 ../test_compteur_bsp/\libhal_bsp.a(alt_usleep.o)
 .data          0x000086c4        0x0 ../test_compteur_bsp/\libhal_bsp.a(alt_sys_init.o)
 .data          0x000086c4        0x0 ../test_compteur_bsp/\libhal_bsp.a(altera_avalon_jtag_uart_write.o)
 .data          0x000086c4        0x0 ../test_compteur_bsp/\libhal_bsp.a(alt_busy_sleep.o)
 .data          0x000086c4        0x0 ../test_compteur_bsp/\libhal_bsp.a(alt_dcache_flush_all.o)
 .data          0x000086c4        0x0 ../test_compteur_bsp/\libhal_bsp.a(alt_icache_flush_all.o)
 .data          0x000086c4        0x0 ../test_compteur_bsp/\libhal_bsp.a(altera_nios2_irq.o)
 .data          0x000086c4        0x0 c:/altera/11.0sp1/nios2eds/bin/gnu/h-i686-mingw32/bin/../lib/gcc/nios2-elf/4.1.2/../../../../nios2-elf/lib/mno-hw-mul\libsmallc.a(lib_a-strlen.o)
 .data          0x000086c4        0x0 c:/altera/11.0sp1/nios2eds/bin/gnu/h-i686-mingw32/bin/../lib/gcc/nios2-elf/4.1.2/mno-hw-mul\libgcc.a(lib2-divmod.o)
 .data          0x000086c4        0x0 c:/altera/11.0sp1/nios2eds/bin/gnu/h-i686-mingw32/bin/../lib/gcc/nios2-elf/4.1.2/mno-hw-mul\libgcc.a(lib2-mul.o)
                0x000106c4                _gp = ABSOLUTE ((. + 0x8000))
                0x000106c4                PROVIDE (gp, _gp)
 *(.rwdata .rwdata.*)
 *(.sdata .sdata.* .gnu.linkonce.s.*)
 .sdata         0x000086c4        0x4 ../test_compteur_bsp/\libhal_bsp.a(alt_sys_init.o)
                0x000086c4                jtag_uart_0
 *(.sdata2 .sdata2.* .gnu.linkonce.s2.*)
                0x000086c8                . = ALIGN (0x4)
                0x000086c8                _edata = ABSOLUTE (.)
                0x000086c8                PROVIDE (edata, ABSOLUTE (.))
                0x000086c8                PROVIDE (__ram_rwdata_end, ABSOLUTE (.))
                0x000086c8                PROVIDE (__flash_rwdata_start, LOADADDR (.rwdata))

.bss            0x000086cc       0x14
                0x000086cc                __bss_start = ABSOLUTE (.)
                0x000086cc                PROVIDE (__sbss_start, ABSOLUTE (.))
                0x000086cc                PROVIDE (___sbss_start, ABSOLUTE (.))
 *(.dynsbss)
 *(.sbss .sbss.* .gnu.linkonce.sb.*)
 .sbss          0x000086cc        0x6 obj/ledkey.o
                0x000086cc                etatBouton0
                0x000086ce                etatBouton1
                0x000086d0                compteur
 *fill*         0x000086d2        0x2 00
 .sbss          0x000086d4        0xc ../test_compteur_bsp/\libhal_bsp.a(alt_main.o)
                0x000086d4                alt_argc
                0x000086d8                alt_argv
                0x000086dc                alt_envp
 *(.sbss2 .sbss2.* .gnu.linkonce.sb2.*)
 *(.scommon)
                0x000086e0                PROVIDE (__sbss_end, ABSOLUTE (.))
                0x000086e0                PROVIDE (___sbss_end, ABSOLUTE (.))
 *(.dynbss)
 *(.bss .bss.* .gnu.linkonce.b.*)
 .bss           0x000086e0        0x0 ../test_compteur_bsp//obj/HAL/src/crt0.o
 .bss           0x000086e0        0x0 obj/ledkey.o
 .bss           0x000086e0        0x0 ../test_compteur_bsp/\libhal_bsp.a(alt_load.o)
 .bss           0x000086e0        0x0 ../test_compteur_bsp/\libhal_bsp.a(alt_main.o)
 .bss           0x000086e0        0x0 ../test_compteur_bsp/\libhal_bsp.a(alt_printf.o)
 .bss           0x000086e0        0x0 ../test_compteur_bsp/\libhal_bsp.a(alt_putchar.o)
 .bss           0x000086e0        0x0 ../test_compteur_bsp/\libhal_bsp.a(alt_putstr.o)
 .bss           0x000086e0        0x0 ../test_compteur_bsp/\libhal_bsp.a(alt_usleep.o)
 .bss           0x000086e0        0x0 ../test_compteur_bsp/\libhal_bsp.a(alt_sys_init.o)
 .bss           0x000086e0        0x0 ../test_compteur_bsp/\libhal_bsp.a(altera_avalon_jtag_uart_write.o)
 .bss           0x000086e0        0x0 ../test_compteur_bsp/\libhal_bsp.a(alt_busy_sleep.o)
 .bss           0x000086e0        0x0 ../test_compteur_bsp/\libhal_bsp.a(alt_dcache_flush_all.o)
 .bss           0x000086e0        0x0 ../test_compteur_bsp/\libhal_bsp.a(alt_icache_flush_all.o)
 .bss           0x000086e0        0x0 ../test_compteur_bsp/\libhal_bsp.a(altera_nios2_irq.o)
 .bss           0x000086e0        0x0 c:/altera/11.0sp1/nios2eds/bin/gnu/h-i686-mingw32/bin/../lib/gcc/nios2-elf/4.1.2/../../../../nios2-elf/lib/mno-hw-mul\libsmallc.a(lib_a-strlen.o)
 .bss           0x000086e0        0x0 c:/altera/11.0sp1/nios2eds/bin/gnu/h-i686-mingw32/bin/../lib/gcc/nios2-elf/4.1.2/mno-hw-mul\libgcc.a(lib2-divmod.o)
 .bss           0x000086e0        0x0 c:/altera/11.0sp1/nios2eds/bin/gnu/h-i686-mingw32/bin/../lib/gcc/nios2-elf/4.1.2/mno-hw-mul\libgcc.a(lib2-mul.o)
 *(COMMON)
                0x000086e0                . = ALIGN (0x4)
                0x000086e0                __bss_end = ABSOLUTE (.)

.sram           0x000086e0        0x0
                0x000086e0                PROVIDE (_alt_partition_sram_start, ABSOLUTE (.))
 *(.sram. sram.*)
                0x000086e0                . = ALIGN (0x4)
                0x000086e0                PROVIDE (_alt_partition_sram_end, ABSOLUTE (.))
                0x000086e0                _end = ABSOLUTE (.)
                0x000086e0                end = ABSOLUTE (.)
                0x000086e0                __alt_stack_base = ABSOLUTE (.)
                0x000086e0                PROVIDE (_alt_partition_sram_load_addr, LOADADDR (.sram))

.stab
 *(.stab)

.stabstr
 *(.stabstr)

.stab.excl
 *(.stab.excl)

.stab.exclstr
 *(.stab.exclstr)

.stab.index
 *(.stab.index)

.stab.indexstr
 *(.stab.indexstr)

.comment        0x00000000       0x26
 *(.comment)
 .comment       0x00000000       0x26 obj/ledkey.o
                                 0x27 (size before relaxing)
 .comment       0x00000000       0x27 ../test_compteur_bsp/\libhal_bsp.a(alt_load.o)
 .comment       0x00000000       0x27 ../test_compteur_bsp/\libhal_bsp.a(alt_main.o)
 .comment       0x00000000       0x27 ../test_compteur_bsp/\libhal_bsp.a(alt_printf.o)
 .comment       0x00000000       0x27 ../test_compteur_bsp/\libhal_bsp.a(alt_putchar.o)
 .comment       0x00000000       0x27 ../test_compteur_bsp/\libhal_bsp.a(alt_putstr.o)
 .comment       0x00000000       0x27 ../test_compteur_bsp/\libhal_bsp.a(alt_usleep.o)
 .comment       0x00000000       0x27 ../test_compteur_bsp/\libhal_bsp.a(alt_sys_init.o)
 .comment       0x00000000       0x27 ../test_compteur_bsp/\libhal_bsp.a(altera_avalon_jtag_uart_write.o)
 .comment       0x00000000       0x27 ../test_compteur_bsp/\libhal_bsp.a(alt_busy_sleep.o)
 .comment       0x00000000       0x27 ../test_compteur_bsp/\libhal_bsp.a(alt_dcache_flush_all.o)
 .comment       0x00000000       0x27 ../test_compteur_bsp/\libhal_bsp.a(alt_icache_flush_all.o)
 .comment       0x00000000       0x27 ../test_compteur_bsp/\libhal_bsp.a(altera_nios2_irq.o)
 .comment       0x00000000       0x27 c:/altera/11.0sp1/nios2eds/bin/gnu/h-i686-mingw32/bin/../lib/gcc/nios2-elf/4.1.2/../../../../nios2-elf/lib/mno-hw-mul\libsmallc.a(lib_a-strlen.o)
 .comment       0x00000000       0x27 c:/altera/11.0sp1/nios2eds/bin/gnu/h-i686-mingw32/bin/../lib/gcc/nios2-elf/4.1.2/mno-hw-mul\libgcc.a(lib2-divmod.o)
 .comment       0x00000000       0x27 c:/altera/11.0sp1/nios2eds/bin/gnu/h-i686-mingw32/bin/../lib/gcc/nios2-elf/4.1.2/mno-hw-mul\libgcc.a(lib2-mul.o)

.debug
 *(.debug)

.line
 *(.line)

.debug_srcinfo
 *(.debug_srcinfo)

.debug_sfnames
 *(.debug_sfnames)

.debug_aranges  0x00000000      0x228
 *(.debug_aranges)
 .debug_aranges
                0x00000000       0x28 ../test_compteur_bsp//obj/HAL/src/crt0.o
 .debug_aranges
                0x00000028       0x20 obj/ledkey.o
 .debug_aranges
                0x00000048       0x20 ../test_compteur_bsp/\libhal_bsp.a(alt_load.o)
 .debug_aranges
                0x00000068       0x20 ../test_compteur_bsp/\libhal_bsp.a(alt_main.o)
 .debug_aranges
                0x00000088       0x20 ../test_compteur_bsp/\libhal_bsp.a(alt_printf.o)
 .debug_aranges
                0x000000a8       0x20 ../test_compteur_bsp/\libhal_bsp.a(alt_putchar.o)
 .debug_aranges
                0x000000c8       0x20 ../test_compteur_bsp/\libhal_bsp.a(alt_putstr.o)
 .debug_aranges
                0x000000e8       0x20 ../test_compteur_bsp/\libhal_bsp.a(alt_usleep.o)
 .debug_aranges
                0x00000108       0x20 ../test_compteur_bsp/\libhal_bsp.a(alt_sys_init.o)
 .debug_aranges
                0x00000128       0x20 ../test_compteur_bsp/\libhal_bsp.a(altera_avalon_jtag_uart_write.o)
 .debug_aranges
                0x00000148       0x20 ../test_compteur_bsp/\libhal_bsp.a(alt_busy_sleep.o)
 .debug_aranges
                0x00000168       0x20 ../test_compteur_bsp/\libhal_bsp.a(alt_dcache_flush_all.o)
 .debug_aranges
                0x00000188       0x20 ../test_compteur_bsp/\libhal_bsp.a(alt_icache_flush_all.o)
 .debug_aranges
                0x000001a8       0x20 ../test_compteur_bsp/\libhal_bsp.a(altera_nios2_irq.o)
 .debug_aranges
                0x000001c8       0x20 c:/altera/11.0sp1/nios2eds/bin/gnu/h-i686-mingw32/bin/../lib/gcc/nios2-elf/4.1.2/../../../../nios2-elf/lib/mno-hw-mul\libsmallc.a(lib_a-strlen.o)
 .debug_aranges
                0x000001e8       0x20 c:/altera/11.0sp1/nios2eds/bin/gnu/h-i686-mingw32/bin/../lib/gcc/nios2-elf/4.1.2/mno-hw-mul\libgcc.a(lib2-divmod.o)
 .debug_aranges
                0x00000208       0x20 c:/altera/11.0sp1/nios2eds/bin/gnu/h-i686-mingw32/bin/../lib/gcc/nios2-elf/4.1.2/mno-hw-mul\libgcc.a(lib2-mul.o)

.debug_pubnames
                0x00000000      0x2d1
 *(.debug_pubnames)
 .debug_pubnames
                0x00000000       0x48 obj/ledkey.o
 .debug_pubnames
                0x00000048       0x1f ../test_compteur_bsp/\libhal_bsp.a(alt_load.o)
 .debug_pubnames
                0x00000067       0x46 ../test_compteur_bsp/\libhal_bsp.a(alt_main.o)
 .debug_pubnames
                0x000000ad       0x21 ../test_compteur_bsp/\libhal_bsp.a(alt_printf.o)
 .debug_pubnames
                0x000000ce       0x22 ../test_compteur_bsp/\libhal_bsp.a(alt_putchar.o)
 .debug_pubnames
                0x000000f0       0x21 ../test_compteur_bsp/\libhal_bsp.a(alt_putstr.o)
 .debug_pubnames
                0x00000111       0x1d ../test_compteur_bsp/\libhal_bsp.a(alt_usleep.o)
 .debug_pubnames
                0x0000012e       0x44 ../test_compteur_bsp/\libhal_bsp.a(alt_sys_init.o)
 .debug_pubnames
                0x00000172       0x34 ../test_compteur_bsp/\libhal_bsp.a(altera_avalon_jtag_uart_write.o)
 .debug_pubnames
                0x000001a6       0x25 ../test_compteur_bsp/\libhal_bsp.a(alt_busy_sleep.o)
 .debug_pubnames
                0x000001cb       0x2b ../test_compteur_bsp/\libhal_bsp.a(alt_dcache_flush_all.o)
 .debug_pubnames
                0x000001f6       0x2b ../test_compteur_bsp/\libhal_bsp.a(alt_icache_flush_all.o)
 .debug_pubnames
                0x00000221       0x2c ../test_compteur_bsp/\libhal_bsp.a(altera_nios2_irq.o)
 .debug_pubnames
                0x0000024d       0x1d c:/altera/11.0sp1/nios2eds/bin/gnu/h-i686-mingw32/bin/../lib/gcc/nios2-elf/4.1.2/../../../../nios2-elf/lib/mno-hw-mul\libsmallc.a(lib_a-strlen.o)
 .debug_pubnames
                0x0000026a       0x48 c:/altera/11.0sp1/nios2eds/bin/gnu/h-i686-mingw32/bin/../lib/gcc/nios2-elf/4.1.2/mno-hw-mul\libgcc.a(lib2-divmod.o)
 .debug_pubnames
                0x000002b2       0x1f c:/altera/11.0sp1/nios2eds/bin/gnu/h-i686-mingw32/bin/../lib/gcc/nios2-elf/4.1.2/mno-hw-mul\libgcc.a(lib2-mul.o)

.debug_info     0x00000000     0x1052
 *(.debug_info .gnu.linkonce.wi.*)
 .debug_info    0x00000000       0x91 ../test_compteur_bsp//obj/HAL/src/crt0.o
 .debug_info    0x00000091       0xc8 obj/ledkey.o
 .debug_info    0x00000159      0x12e ../test_compteur_bsp/\libhal_bsp.a(alt_load.o)
 .debug_info    0x00000287      0x125 ../test_compteur_bsp/\libhal_bsp.a(alt_main.o)
 .debug_info    0x000003ac      0x11d ../test_compteur_bsp/\libhal_bsp.a(alt_printf.o)
 .debug_info    0x000004c9       0xc5 ../test_compteur_bsp/\libhal_bsp.a(alt_putchar.o)
 .debug_info    0x0000058e       0xc5 ../test_compteur_bsp/\libhal_bsp.a(alt_putstr.o)
 .debug_info    0x00000653       0xab ../test_compteur_bsp/\libhal_bsp.a(alt_usleep.o)
 .debug_info    0x000006fe      0x17d ../test_compteur_bsp/\libhal_bsp.a(alt_sys_init.o)
 .debug_info    0x0000087b      0x18f ../test_compteur_bsp/\libhal_bsp.a(altera_avalon_jtag_uart_write.o)
 .debug_info    0x00000a0a       0xd0 ../test_compteur_bsp/\libhal_bsp.a(alt_busy_sleep.o)
 .debug_info    0x00000ada       0x8d ../test_compteur_bsp/\libhal_bsp.a(alt_dcache_flush_all.o)
 .debug_info    0x00000b67       0x8d ../test_compteur_bsp/\libhal_bsp.a(alt_icache_flush_all.o)
 .debug_info    0x00000bf4       0x8d ../test_compteur_bsp/\libhal_bsp.a(altera_nios2_irq.o)
 .debug_info    0x00000c81       0xc2 c:/altera/11.0sp1/nios2eds/bin/gnu/h-i686-mingw32/bin/../lib/gcc/nios2-elf/4.1.2/../../../../nios2-elf/lib/mno-hw-mul\libsmallc.a(lib_a-strlen.o)
 .debug_info    0x00000d43      0x21c c:/altera/11.0sp1/nios2eds/bin/gnu/h-i686-mingw32/bin/../lib/gcc/nios2-elf/4.1.2/mno-hw-mul\libgcc.a(lib2-divmod.o)
 .debug_info    0x00000f5f       0xf3 c:/altera/11.0sp1/nios2eds/bin/gnu/h-i686-mingw32/bin/../lib/gcc/nios2-elf/4.1.2/mno-hw-mul\libgcc.a(lib2-mul.o)

.debug_abbrev   0x00000000      0x898
 *(.debug_abbrev)
 .debug_abbrev  0x00000000       0x12 ../test_compteur_bsp//obj/HAL/src/crt0.o
 .debug_abbrev  0x00000012       0x50 obj/ledkey.o
 .debug_abbrev  0x00000062       0x97 ../test_compteur_bsp/\libhal_bsp.a(alt_load.o)
 .debug_abbrev  0x000000f9       0xa6 ../test_compteur_bsp/\libhal_bsp.a(alt_main.o)
 .debug_abbrev  0x0000019f       0xc7 ../test_compteur_bsp/\libhal_bsp.a(alt_printf.o)
 .debug_abbrev  0x00000266       0x7b ../test_compteur_bsp/\libhal_bsp.a(alt_putchar.o)
 .debug_abbrev  0x000002e1       0x7c ../test_compteur_bsp/\libhal_bsp.a(alt_putstr.o)
 .debug_abbrev  0x0000035d       0x5d ../test_compteur_bsp/\libhal_bsp.a(alt_usleep.o)
 .debug_abbrev  0x000003ba       0xe3 ../test_compteur_bsp/\libhal_bsp.a(alt_sys_init.o)
 .debug_abbrev  0x0000049d       0xf0 ../test_compteur_bsp/\libhal_bsp.a(altera_avalon_jtag_uart_write.o)
 .debug_abbrev  0x0000058d       0x79 ../test_compteur_bsp/\libhal_bsp.a(alt_busy_sleep.o)
 .debug_abbrev  0x00000606       0x3f ../test_compteur_bsp/\libhal_bsp.a(alt_dcache_flush_all.o)
 .debug_abbrev  0x00000645       0x3f ../test_compteur_bsp/\libhal_bsp.a(alt_icache_flush_all.o)
 .debug_abbrev  0x00000684       0x3f ../test_compteur_bsp/\libhal_bsp.a(altera_nios2_irq.o)
 .debug_abbrev  0x000006c3       0x7a c:/altera/11.0sp1/nios2eds/bin/gnu/h-i686-mingw32/bin/../lib/gcc/nios2-elf/4.1.2/../../../../nios2-elf/lib/mno-hw-mul\libsmallc.a(lib_a-strlen.o)
 .debug_abbrev  0x0000073d       0xe0 c:/altera/11.0sp1/nios2eds/bin/gnu/h-i686-mingw32/bin/../lib/gcc/nios2-elf/4.1.2/mno-hw-mul\libgcc.a(lib2-divmod.o)
 .debug_abbrev  0x0000081d       0x7b c:/altera/11.0sp1/nios2eds/bin/gnu/h-i686-mingw32/bin/../lib/gcc/nios2-elf/4.1.2/mno-hw-mul\libgcc.a(lib2-mul.o)

.debug_line     0x00000000     0x22cd
 *(.debug_line)
 .debug_line    0x00000000       0x66 ../test_compteur_bsp//obj/HAL/src/crt0.o
 .debug_line    0x00000066      0x30b obj/ledkey.o
 .debug_line    0x00000371      0x217 ../test_compteur_bsp/\libhal_bsp.a(alt_load.o)
 .debug_line    0x00000588      0x2c2 ../test_compteur_bsp/\libhal_bsp.a(alt_main.o)
 .debug_line    0x0000084a      0x1f2 ../test_compteur_bsp/\libhal_bsp.a(alt_printf.o)
 .debug_line    0x00000a3c      0x1f2 ../test_compteur_bsp/\libhal_bsp.a(alt_putchar.o)
 .debug_line    0x00000c2e      0x1d9 ../test_compteur_bsp/\libhal_bsp.a(alt_putstr.o)
 .debug_line    0x00000e07      0x202 ../test_compteur_bsp/\libhal_bsp.a(alt_usleep.o)
 .debug_line    0x00001009      0x286 ../test_compteur_bsp/\libhal_bsp.a(alt_sys_init.o)
 .debug_line    0x0000128f      0x2f4 ../test_compteur_bsp/\libhal_bsp.a(altera_avalon_jtag_uart_write.o)
 .debug_line    0x00001583      0x25e ../test_compteur_bsp/\libhal_bsp.a(alt_busy_sleep.o)
 .debug_line    0x000017e1      0x1b5 ../test_compteur_bsp/\libhal_bsp.a(alt_dcache_flush_all.o)
 .debug_line    0x00001996      0x1b5 ../test_compteur_bsp/\libhal_bsp.a(alt_icache_flush_all.o)
 .debug_line    0x00001b4b      0x1c9 ../test_compteur_bsp/\libhal_bsp.a(altera_nios2_irq.o)
 .debug_line    0x00001d14      0x250 c:/altera/11.0sp1/nios2eds/bin/gnu/h-i686-mingw32/bin/../lib/gcc/nios2-elf/4.1.2/../../../../nios2-elf/lib/mno-hw-mul\libsmallc.a(lib_a-strlen.o)
 .debug_line    0x00001f64      0x24f c:/altera/11.0sp1/nios2eds/bin/gnu/h-i686-mingw32/bin/../lib/gcc/nios2-elf/4.1.2/mno-hw-mul\libgcc.a(lib2-divmod.o)
 .debug_line    0x000021b3      0x11a c:/altera/11.0sp1/nios2eds/bin/gnu/h-i686-mingw32/bin/../lib/gcc/nios2-elf/4.1.2/mno-hw-mul\libgcc.a(lib2-mul.o)

.debug_frame    0x00000000      0x2bc
 *(.debug_frame)
 .debug_frame   0x00000000       0x2c obj/ledkey.o
 .debug_frame   0x0000002c       0x38 ../test_compteur_bsp/\libhal_bsp.a(alt_load.o)
 .debug_frame   0x00000064       0x28 ../test_compteur_bsp/\libhal_bsp.a(alt_main.o)
 .debug_frame   0x0000008c       0x2c ../test_compteur_bsp/\libhal_bsp.a(alt_printf.o)
 .debug_frame   0x000000b8       0x2c ../test_compteur_bsp/\libhal_bsp.a(alt_putchar.o)
 .debug_frame   0x000000e4       0x28 ../test_compteur_bsp/\libhal_bsp.a(alt_putstr.o)
 .debug_frame   0x0000010c       0x20 ../test_compteur_bsp/\libhal_bsp.a(alt_usleep.o)
 .debug_frame   0x0000012c       0x38 ../test_compteur_bsp/\libhal_bsp.a(alt_sys_init.o)
 .debug_frame   0x00000164       0x20 ../test_compteur_bsp/\libhal_bsp.a(altera_avalon_jtag_uart_write.o)
 .debug_frame   0x00000184       0x28 ../test_compteur_bsp/\libhal_bsp.a(alt_busy_sleep.o)
 .debug_frame   0x000001ac       0x20 ../test_compteur_bsp/\libhal_bsp.a(alt_dcache_flush_all.o)
 .debug_frame   0x000001cc       0x20 ../test_compteur_bsp/\libhal_bsp.a(alt_icache_flush_all.o)
 .debug_frame   0x000001ec       0x20 ../test_compteur_bsp/\libhal_bsp.a(altera_nios2_irq.o)
 .debug_frame   0x0000020c       0x20 c:/altera/11.0sp1/nios2eds/bin/gnu/h-i686-mingw32/bin/../lib/gcc/nios2-elf/4.1.2/../../../../nios2-elf/lib/mno-hw-mul\libsmallc.a(lib_a-strlen.o)
 .debug_frame   0x0000022c       0x70 c:/altera/11.0sp1/nios2eds/bin/gnu/h-i686-mingw32/bin/../lib/gcc/nios2-elf/4.1.2/mno-hw-mul\libgcc.a(lib2-divmod.o)
 .debug_frame   0x0000029c       0x20 c:/altera/11.0sp1/nios2eds/bin/gnu/h-i686-mingw32/bin/../lib/gcc/nios2-elf/4.1.2/mno-hw-mul\libgcc.a(lib2-mul.o)

.debug_str      0x00000000      0x75b
 *(.debug_str)
 .debug_str     0x00000000       0xd9 obj/ledkey.o
                                0x120 (size before relaxing)
 .debug_str     0x000000d9      0x151 ../test_compteur_bsp/\libhal_bsp.a(alt_load.o)
                                0x1e6 (size before relaxing)
 .debug_str     0x0000022a       0x75 ../test_compteur_bsp/\libhal_bsp.a(alt_main.o)
                                0x16a (size before relaxing)
 .debug_str     0x0000029f       0x46 ../test_compteur_bsp/\libhal_bsp.a(alt_printf.o)
                                 0xd1 (size before relaxing)
 .debug_str     0x000002e5       0x4e ../test_compteur_bsp/\libhal_bsp.a(alt_putchar.o)
                                0x143 (size before relaxing)
 .debug_str     0x00000333       0x20 ../test_compteur_bsp/\libhal_bsp.a(alt_putstr.o)
                                0x141 (size before relaxing)
 .debug_str     0x00000353       0x27 ../test_compteur_bsp/\libhal_bsp.a(alt_usleep.o)
                                0x11c (size before relaxing)
 .debug_str     0x0000037a       0x85 ../test_compteur_bsp/\libhal_bsp.a(alt_sys_init.o)
                                0x1df (size before relaxing)
 .debug_str     0x000003ff       0x56 ../test_compteur_bsp/\libhal_bsp.a(altera_avalon_jtag_uart_write.o)
                                0x1e2 (size before relaxing)
 .debug_str     0x00000455       0x42 ../test_compteur_bsp/\libhal_bsp.a(alt_busy_sleep.o)
                                0x13f (size before relaxing)
 .debug_str     0x00000497       0x34 ../test_compteur_bsp/\libhal_bsp.a(alt_dcache_flush_all.o)
                                0x129 (size before relaxing)
 .debug_str     0x000004cb       0x34 ../test_compteur_bsp/\libhal_bsp.a(alt_icache_flush_all.o)
                                0x129 (size before relaxing)
 .debug_str     0x000004ff       0x31 ../test_compteur_bsp/\libhal_bsp.a(altera_nios2_irq.o)
                                0x126 (size before relaxing)
 .debug_str     0x00000530       0xe9 c:/altera/11.0sp1/nios2eds/bin/gnu/h-i686-mingw32/bin/../lib/gcc/nios2-elf/4.1.2/../../../../nios2-elf/lib/mno-hw-mul\libsmallc.a(lib_a-strlen.o)
                                0x184 (size before relaxing)
 .debug_str     0x00000619      0x10b c:/altera/11.0sp1/nios2eds/bin/gnu/h-i686-mingw32/bin/../lib/gcc/nios2-elf/4.1.2/mno-hw-mul\libgcc.a(lib2-divmod.o)
                                0x1b4 (size before relaxing)
 .debug_str     0x00000724       0x37 c:/altera/11.0sp1/nios2eds/bin/gnu/h-i686-mingw32/bin/../lib/gcc/nios2-elf/4.1.2/mno-hw-mul\libgcc.a(lib2-mul.o)
                                0x175 (size before relaxing)

.debug_loc      0x00000000      0x551
 *(.debug_loc)
 .debug_loc     0x00000000       0x1f obj/ledkey.o
 .debug_loc     0x0000001f       0x1f ../test_compteur_bsp/\libhal_bsp.a(alt_load.o)
 .debug_loc     0x0000003e       0x1f ../test_compteur_bsp/\libhal_bsp.a(alt_main.o)
 .debug_loc     0x0000005d      0x175 ../test_compteur_bsp/\libhal_bsp.a(alt_printf.o)
 .debug_loc     0x000001d2       0x3d ../test_compteur_bsp/\libhal_bsp.a(alt_putchar.o)
 .debug_loc     0x0000020f       0x48 ../test_compteur_bsp/\libhal_bsp.a(alt_putstr.o)
 .debug_loc     0x00000257       0x13 ../test_compteur_bsp/\libhal_bsp.a(alt_usleep.o)
 .debug_loc     0x0000026a       0x32 ../test_compteur_bsp/\libhal_bsp.a(alt_sys_init.o)
 .debug_loc     0x0000029c       0x26 ../test_compteur_bsp/\libhal_bsp.a(altera_avalon_jtag_uart_write.o)
 .debug_loc     0x000002c2       0x50 ../test_compteur_bsp/\libhal_bsp.a(alt_busy_sleep.o)
 .debug_loc     0x00000312       0x1e c:/altera/11.0sp1/nios2eds/bin/gnu/h-i686-mingw32/bin/../lib/gcc/nios2-elf/4.1.2/../../../../nios2-elf/lib/mno-hw-mul\libsmallc.a(lib_a-strlen.o)
 .debug_loc     0x00000330      0x1d2 c:/altera/11.0sp1/nios2eds/bin/gnu/h-i686-mingw32/bin/../lib/gcc/nios2-elf/4.1.2/mno-hw-mul\libgcc.a(lib2-divmod.o)
 .debug_loc     0x00000502       0x4f c:/altera/11.0sp1/nios2eds/bin/gnu/h-i686-mingw32/bin/../lib/gcc/nios2-elf/4.1.2/mno-hw-mul\libgcc.a(lib2-mul.o)

.debug_macinfo
 *(.debug_macinfo)

.debug_weaknames
 *(.debug_weaknames)

.debug_funcnames
 *(.debug_funcnames)

.debug_typenames
 *(.debug_typenames)

.debug_varnames
 *(.debug_varnames)

.debug_alt_sim_info
                0x00000000       0x40
 *(.debug_alt_sim_info)
 .debug_alt_sim_info
                0x00000000       0x10 ../test_compteur_bsp//obj/HAL/src/crt0.o
 .debug_alt_sim_info
                0x00000010       0x30 ../test_compteur_bsp/\libhal_bsp.a(alt_busy_sleep.o)
                0x0000d000                __alt_data_end = 0xd000
                0x0000d000                PROVIDE (__alt_stack_pointer, __alt_data_end)
                0x000086e0                PROVIDE (__alt_stack_limit, __alt_stack_base)
                0x000086e0                PROVIDE (__alt_heap_start, end)
                0x0000d000                PROVIDE (__alt_heap_limit, 0xd000)
OUTPUT(test_compteur.elf elf32-littlenios2)

.debug_ranges   0x00000000       0x20
 .debug_ranges  0x00000000       0x20 ../test_compteur_bsp//obj/HAL/src/crt0.o
