------------------------------------------------------------
TimeQuest Timing Analyzer Summary
------------------------------------------------------------

Type  : Slow 1200mV 85C Model Setup 'clk_50M'
Slack : -2.605
TNS   : -59.034

Type  : Slow 1200mV 85C Model Setup 's_clk76800'
Slack : -1.756
TNS   : -25.723

Type  : Slow 1200mV 85C Model Setup 's_clk4800'
Slack : -0.229
TNS   : -0.520

Type  : Slow 1200mV 85C Model Hold 's_clk76800'
Slack : 0.163
TNS   : 0.000

Type  : Slow 1200mV 85C Model Hold 's_clk4800'
Slack : 0.322
TNS   : 0.000

Type  : Slow 1200mV 85C Model Hold 'clk_50M'
Slack : 0.379
TNS   : 0.000

Type  : Slow 1200mV 85C Model Recovery 's_clk76800'
Slack : -1.447
TNS   : -4.341

Type  : Slow 1200mV 85C Model Removal 's_clk76800'
Slack : 1.377
TNS   : 0.000

Type  : Slow 1200mV 85C Model Minimum Pulse Width 'clk_50M'
Slack : -3.000
TNS   : -43.000

Type  : Slow 1200mV 85C Model Minimum Pulse Width 's_clk76800'
Slack : -1.000
TNS   : -38.000

Type  : Slow 1200mV 85C Model Minimum Pulse Width 's_clk4800'
Slack : -1.000
TNS   : -13.000

Type  : Slow 1200mV 0C Model Setup 'clk_50M'
Slack : -2.268
TNS   : -48.371

Type  : Slow 1200mV 0C Model Setup 's_clk76800'
Slack : -1.509
TNS   : -19.882

Type  : Slow 1200mV 0C Model Setup 's_clk4800'
Slack : -0.092
TNS   : -0.092

Type  : Slow 1200mV 0C Model Hold 's_clk76800'
Slack : 0.209
TNS   : 0.000

Type  : Slow 1200mV 0C Model Hold 's_clk4800'
Slack : 0.299
TNS   : 0.000

Type  : Slow 1200mV 0C Model Hold 'clk_50M'
Slack : 0.344
TNS   : 0.000

Type  : Slow 1200mV 0C Model Recovery 's_clk76800'
Slack : -1.195
TNS   : -3.585

Type  : Slow 1200mV 0C Model Removal 's_clk76800'
Slack : 1.230
TNS   : 0.000

Type  : Slow 1200mV 0C Model Minimum Pulse Width 'clk_50M'
Slack : -3.000
TNS   : -43.000

Type  : Slow 1200mV 0C Model Minimum Pulse Width 's_clk76800'
Slack : -1.000
TNS   : -38.000

Type  : Slow 1200mV 0C Model Minimum Pulse Width 's_clk4800'
Slack : -1.000
TNS   : -13.000

Type  : Fast 1200mV 0C Model Setup 'clk_50M'
Slack : -0.991
TNS   : -16.337

Type  : Fast 1200mV 0C Model Setup 's_clk76800'
Slack : -0.561
TNS   : -1.938

Type  : Fast 1200mV 0C Model Setup 's_clk4800'
Slack : 0.301
TNS   : 0.000

Type  : Fast 1200mV 0C Model Hold 's_clk76800'
Slack : 0.026
TNS   : 0.000

Type  : Fast 1200mV 0C Model Hold 's_clk4800'
Slack : 0.118
TNS   : 0.000

Type  : Fast 1200mV 0C Model Hold 'clk_50M'
Slack : 0.196
TNS   : 0.000

Type  : Fast 1200mV 0C Model Recovery 's_clk76800'
Slack : -0.398
TNS   : -1.194

Type  : Fast 1200mV 0C Model Removal 's_clk76800'
Slack : 0.763
TNS   : 0.000

Type  : Fast 1200mV 0C Model Minimum Pulse Width 'clk_50M'
Slack : -3.000
TNS   : -45.241

Type  : Fast 1200mV 0C Model Minimum Pulse Width 's_clk76800'
Slack : -1.000
TNS   : -38.000

Type  : Fast 1200mV 0C Model Minimum Pulse Width 's_clk4800'
Slack : -1.000
TNS   : -13.000

------------------------------------------------------------
