Archive member included because of file (symbol)

../test_pwm_bsp/\libhal_bsp.a(alt_load.o)
                              ../test_pwm_bsp//obj/HAL/src/crt0.o (alt_load)
../test_pwm_bsp/\libhal_bsp.a(alt_main.o)
                              ../test_pwm_bsp//obj/HAL/src/crt0.o (alt_main)
../test_pwm_bsp/\libhal_bsp.a(alt_putstr.o)
                              obj/hello_world_small.o (alt_putstr)
../test_pwm_bsp/\libhal_bsp.a(alt_sys_init.o)
                              ../test_pwm_bsp/\libhal_bsp.a(alt_main.o) (alt_sys_init)
../test_pwm_bsp/\libhal_bsp.a(altera_avalon_jtag_uart_write.o)
                              ../test_pwm_bsp/\libhal_bsp.a(alt_putstr.o) (altera_avalon_jtag_uart_write)
../test_pwm_bsp/\libhal_bsp.a(alt_dcache_flush_all.o)
                              ../test_pwm_bsp/\libhal_bsp.a(alt_load.o) (alt_dcache_flush_all)
../test_pwm_bsp/\libhal_bsp.a(alt_icache_flush_all.o)
                              ../test_pwm_bsp/\libhal_bsp.a(alt_load.o) (alt_icache_flush_all)
../test_pwm_bsp/\libhal_bsp.a(altera_nios2_irq.o)
                              ../test_pwm_bsp/\libhal_bsp.a(alt_sys_init.o) (altera_nios2_irq_init)
c:/altera/11.0sp1/nios2eds/bin/gnu/h-i686-mingw32/bin/../lib/gcc/nios2-elf/4.1.2/../../../../nios2-elf/lib/mno-hw-mul\libsmallc.a(lib_a-strlen.o)
                              ../test_pwm_bsp/\libhal_bsp.a(alt_putstr.o) (strlen)

Memory Configuration

Name             Origin             Length             Attributes
reset            0x00008000         0x00000020
sram             0x00008020         0x00004fe0
*default*        0x00000000         0xffffffff

Linker script and memory map

LOAD ../test_pwm_bsp//obj/HAL/src/crt0.o
                0x0000800c                exit = _exit
LOAD obj/hello_world_small.o
LOAD c:/altera/11.0sp1/nios2eds/bin/gnu/h-i686-mingw32/bin/../lib/gcc/nios2-elf/4.1.2/../../../../nios2-elf/lib/mno-hw-mul\libstdc++.a
LOAD c:/altera/11.0sp1/nios2eds/bin/gnu/h-i686-mingw32/bin/../lib/gcc/nios2-elf/4.1.2/../../../../nios2-elf/lib/mno-hw-mul\libm.a
LOAD c:/altera/11.0sp1/nios2eds/bin/gnu/h-i686-mingw32/bin/../lib/gcc/nios2-elf/4.1.2/mno-hw-mul\libgcc.a
START GROUP
LOAD c:/altera/11.0sp1/nios2eds/bin/gnu/h-i686-mingw32/bin/../lib/gcc/nios2-elf/4.1.2/../../../../nios2-elf/lib/mno-hw-mul\libsmallc.a
LOAD c:/altera/11.0sp1/nios2eds/bin/gnu/h-i686-mingw32/bin/../lib/gcc/nios2-elf/4.1.2/mno-hw-mul\libgcc.a
LOAD ../test_pwm_bsp/\libhal_bsp.a
END GROUP
LOAD c:/altera/11.0sp1/nios2eds/bin/gnu/h-i686-mingw32/bin/../lib/gcc/nios2-elf/4.1.2/mno-hw-mul\libgcc.a
                0x00008000                __alt_mem_sram = 0x8000

.entry          0x00008000       0x20
 *(.entry)
 .entry         0x00008000       0x20 ../test_pwm_bsp//obj/HAL/src/crt0.o
                0x00008000                __reset
                0x0000800c                _exit

.exceptions     0x00008020        0x0
                0x00008020                PROVIDE (__ram_exceptions_start, ABSOLUTE (.))
                0x00008020                . = ALIGN (0x20)
 *(.irq)
 *(.exceptions.entry.label)
 *(.exceptions.entry.user)
 *(.exceptions.entry)
 *(.exceptions.irqtest.user)
 *(.exceptions.irqtest)
 *(.exceptions.irqhandler.user)
 *(.exceptions.irqhandler)
 *(.exceptions.irqreturn.user)
 *(.exceptions.irqreturn)
 *(.exceptions.notirq.label)
 *(.exceptions.notirq.user)
 *(.exceptions.notirq)
 *(.exceptions.soft.user)
 *(.exceptions.soft)
 *(.exceptions.unknown.user)
 *(.exceptions.unknown)
 *(.exceptions.exit.label)
 *(.exceptions.exit.user)
 *(.exceptions.exit)
 *(.exceptions)
                0x00008020                PROVIDE (__ram_exceptions_end, ABSOLUTE (.))
                0x00008020                PROVIDE (__flash_exceptions_start, LOADADDR (.exceptions))

.text           0x00008020      0x1fc
                0x00008020                PROVIDE (stext, ABSOLUTE (.))
 *(.interp)
 *(.hash)
 *(.dynsym)
 *(.dynstr)
 *(.gnu.version)
 *(.gnu.version_d)
 *(.gnu.version_r)
 *(.rel.init)
 *(.rela.init)
 *(.rel.text .rel.text.* .rel.gnu.linkonce.t.*)
 *(.rela.text .rela.text.* .rela.gnu.linkonce.t.*)
 *(.rel.fini)
 *(.rela.fini)
 *(.rel.rodata .rel.rodata.* .rel.gnu.linkonce.r.*)
 *(.rela.rodata .rela.rodata.* .rela.gnu.linkonce.r.*)
 *(.rel.data .rel.data.* .rel.gnu.linkonce.d.*)
 *(.rela.data .rela.data.* .rela.gnu.linkonce.d.*)
 *(.rel.tdata .rel.tdata.* .rel.gnu.linkonce.td.*)
 *(.rela.tdata .rela.tdata.* .rela.gnu.linkonce.td.*)
 *(.rel.tbss .rel.tbss.* .rel.gnu.linkonce.tb.*)
 *(.rela.tbss .rela.tbss.* .rela.gnu.linkonce.tb.*)
 *(.rel.ctors)
 *(.rela.ctors)
 *(.rel.dtors)
 *(.rela.dtors)
 *(.rel.got)
 *(.rela.got)
 *(.rel.sdata .rel.sdata.* .rel.gnu.linkonce.s.*)
 *(.rela.sdata .rela.sdata.* .rela.gnu.linkonce.s.*)
 *(.rel.sbss .rel.sbss.* .rel.gnu.linkonce.sb.*)
 *(.rela.sbss .rela.sbss.* .rela.gnu.linkonce.sb.*)
 *(.rel.sdata2 .rel.sdata2.* .rel.gnu.linkonce.s2.*)
 *(.rela.sdata2 .rela.sdata2.* .rela.gnu.linkonce.s2.*)
 *(.rel.sbss2 .rel.sbss2.* .rel.gnu.linkonce.sb2.*)
 *(.rela.sbss2 .rela.sbss2.* .rela.gnu.linkonce.sb2.*)
 *(.rel.bss .rel.bss.* .rel.gnu.linkonce.b.*)
 *(.rela.bss .rela.bss.* .rela.gnu.linkonce.b.*)
 *(.rel.plt)
 *(.rela.plt)
 *(.rel.dyn)
 *(.init)
 *(.plt)
 *(.text .stub .text.* .gnu.linkonce.t.*)
 .text          0x00008020       0x3c ../test_pwm_bsp//obj/HAL/src/crt0.o
                0x00008020                _start
 .text          0x0000805c       0x48 obj/hello_world_small.o
                0x0000805c                main
 .text          0x000080a4       0x8c ../test_pwm_bsp/\libhal_bsp.a(alt_load.o)
                0x000080c4                alt_load
 .text          0x00008130       0x2c ../test_pwm_bsp/\libhal_bsp.a(alt_main.o)
                0x00008130                alt_main
 .text          0x0000815c       0x38 ../test_pwm_bsp/\libhal_bsp.a(alt_putstr.o)
                0x0000815c                alt_putstr
 .text          0x00008194       0x24 ../test_pwm_bsp/\libhal_bsp.a(alt_sys_init.o)
                0x00008194                alt_sys_init
                0x00008198                alt_irq_init
 .text          0x000081b8       0x34 ../test_pwm_bsp/\libhal_bsp.a(altera_avalon_jtag_uart_write.o)
                0x000081b8                altera_avalon_jtag_uart_write
 .text          0x000081ec        0x4 ../test_pwm_bsp/\libhal_bsp.a(alt_dcache_flush_all.o)
                0x000081ec                alt_dcache_flush_all
 .text          0x000081f0        0x4 ../test_pwm_bsp/\libhal_bsp.a(alt_icache_flush_all.o)
                0x000081f0                alt_icache_flush_all
 .text          0x000081f4        0x8 ../test_pwm_bsp/\libhal_bsp.a(altera_nios2_irq.o)
                0x000081f4                altera_nios2_irq_init
 .text          0x000081fc       0x20 c:/altera/11.0sp1/nios2eds/bin/gnu/h-i686-mingw32/bin/../lib/gcc/nios2-elf/4.1.2/../../../../nios2-elf/lib/mno-hw-mul\libsmallc.a(lib_a-strlen.o)
                0x000081fc                strlen
 *(.gnu.warning.*)
 *(.fini)
                0x0000821c                PROVIDE (__etext, ABSOLUTE (.))
                0x0000821c                PROVIDE (_etext, ABSOLUTE (.))
                0x0000821c                PROVIDE (etext, ABSOLUTE (.))
 *(.eh_frame_hdr)
                0x0000821c                . = ALIGN (0x4)
                0x0000821c                PROVIDE (__preinit_array_start, ABSOLUTE (.))
 *(.preinit_array)
                0x0000821c                PROVIDE (__preinit_array_end, ABSOLUTE (.))
                0x0000821c                PROVIDE (__init_array_start, ABSOLUTE (.))
 *(.init_array)
                0x0000821c                PROVIDE (__init_array_end, ABSOLUTE (.))
                0x0000821c                PROVIDE (__fini_array_start, ABSOLUTE (.))
 *(.fini_array)
                0x0000821c                PROVIDE (__fini_array_end, ABSOLUTE (.))
 *(.eh_frame)
 *(.gcc_except_table)
 *(.dynamic)
                0x0000821c                PROVIDE (__CTOR_LIST__, ABSOLUTE (.))
 *(.ctors)
 *(SORT(.ctors.*))
                0x0000821c                PROVIDE (__CTOR_END__, ABSOLUTE (.))
                0x0000821c                PROVIDE (__DTOR_LIST__, ABSOLUTE (.))
 *(.dtors)
 *(SORT(.dtors.*))
                0x0000821c                PROVIDE (__DTOR_END__, ABSOLUTE (.))
 *(.jcr)
                0x0000821c                . = ALIGN (0x4)

.rodata         0x0000821c       0x18
                0x0000821c                PROVIDE (__ram_rodata_start, ABSOLUTE (.))
                0x0000821c                . = ALIGN (0x4)
 *(.rodata .rodata.* .gnu.linkonce.r.*)
 .rodata.str1.4
                0x0000821c       0x18 obj/hello_world_small.o
 *(.rodata1)
                0x00008234                . = ALIGN (0x4)
                0x00008234                PROVIDE (__ram_rodata_end, ABSOLUTE (.))
                0x0000821c                PROVIDE (__flash_rodata_start, LOADADDR (.rodata))

.rwdata         0x00008234        0x4 load address 0x00008238
                0x00008234                PROVIDE (__ram_rwdata_start, ABSOLUTE (.))
                0x00008234                . = ALIGN (0x4)
 *(.got.plt)
 *(.got)
 *(.data1)
 *(.data .data.* .gnu.linkonce.d.*)
 .data          0x00008234        0x0 ../test_pwm_bsp//obj/HAL/src/crt0.o
 .data          0x00008234        0x0 obj/hello_world_small.o
 .data          0x00008234        0x0 ../test_pwm_bsp/\libhal_bsp.a(alt_load.o)
 .data          0x00008234        0x0 ../test_pwm_bsp/\libhal_bsp.a(alt_main.o)
 .data          0x00008234        0x0 ../test_pwm_bsp/\libhal_bsp.a(alt_putstr.o)
 .data          0x00008234        0x0 ../test_pwm_bsp/\libhal_bsp.a(alt_sys_init.o)
 .data          0x00008234        0x0 ../test_pwm_bsp/\libhal_bsp.a(altera_avalon_jtag_uart_write.o)
 .data          0x00008234        0x0 ../test_pwm_bsp/\libhal_bsp.a(alt_dcache_flush_all.o)
 .data          0x00008234        0x0 ../test_pwm_bsp/\libhal_bsp.a(alt_icache_flush_all.o)
 .data          0x00008234        0x0 ../test_pwm_bsp/\libhal_bsp.a(altera_nios2_irq.o)
 .data          0x00008234        0x0 c:/altera/11.0sp1/nios2eds/bin/gnu/h-i686-mingw32/bin/../lib/gcc/nios2-elf/4.1.2/../../../../nios2-elf/lib/mno-hw-mul\libsmallc.a(lib_a-strlen.o)
                0x00010234                _gp = ABSOLUTE ((. + 0x8000))
                0x00010234                PROVIDE (gp, _gp)
 *(.rwdata .rwdata.*)
 *(.sdata .sdata.* .gnu.linkonce.s.*)
 .sdata         0x00008234        0x4 ../test_pwm_bsp/\libhal_bsp.a(alt_sys_init.o)
                0x00008234                jtag_uart_0
 *(.sdata2 .sdata2.* .gnu.linkonce.s2.*)
                0x00008238                . = ALIGN (0x4)
                0x00008238                _edata = ABSOLUTE (.)
                0x00008238                PROVIDE (edata, ABSOLUTE (.))
                0x00008238                PROVIDE (__ram_rwdata_end, ABSOLUTE (.))
                0x00008238                PROVIDE (__flash_rwdata_start, LOADADDR (.rwdata))

.bss            0x0000823c        0xc
                0x0000823c                __bss_start = ABSOLUTE (.)
                0x0000823c                PROVIDE (__sbss_start, ABSOLUTE (.))
                0x0000823c                PROVIDE (___sbss_start, ABSOLUTE (.))
 *(.dynsbss)
 *(.sbss .sbss.* .gnu.linkonce.sb.*)
 .sbss          0x0000823c        0xc ../test_pwm_bsp/\libhal_bsp.a(alt_main.o)
                0x0000823c                alt_argc
                0x00008240                alt_argv
                0x00008244                alt_envp
 *(.sbss2 .sbss2.* .gnu.linkonce.sb2.*)
 *(.scommon)
                0x00008248                PROVIDE (__sbss_end, ABSOLUTE (.))
                0x00008248                PROVIDE (___sbss_end, ABSOLUTE (.))
 *(.dynbss)
 *(.bss .bss.* .gnu.linkonce.b.*)
 .bss           0x00008248        0x0 ../test_pwm_bsp//obj/HAL/src/crt0.o
 .bss           0x00008248        0x0 obj/hello_world_small.o
 .bss           0x00008248        0x0 ../test_pwm_bsp/\libhal_bsp.a(alt_load.o)
 .bss           0x00008248        0x0 ../test_pwm_bsp/\libhal_bsp.a(alt_main.o)
 .bss           0x00008248        0x0 ../test_pwm_bsp/\libhal_bsp.a(alt_putstr.o)
 .bss           0x00008248        0x0 ../test_pwm_bsp/\libhal_bsp.a(alt_sys_init.o)
 .bss           0x00008248        0x0 ../test_pwm_bsp/\libhal_bsp.a(altera_avalon_jtag_uart_write.o)
 .bss           0x00008248        0x0 ../test_pwm_bsp/\libhal_bsp.a(alt_dcache_flush_all.o)
 .bss           0x00008248        0x0 ../test_pwm_bsp/\libhal_bsp.a(alt_icache_flush_all.o)
 .bss           0x00008248        0x0 ../test_pwm_bsp/\libhal_bsp.a(altera_nios2_irq.o)
 .bss           0x00008248        0x0 c:/altera/11.0sp1/nios2eds/bin/gnu/h-i686-mingw32/bin/../lib/gcc/nios2-elf/4.1.2/../../../../nios2-elf/lib/mno-hw-mul\libsmallc.a(lib_a-strlen.o)
 *(COMMON)
                0x00008248                . = ALIGN (0x4)
                0x00008248                __bss_end = ABSOLUTE (.)

.sram           0x00008248        0x0
                0x00008248                PROVIDE (_alt_partition_sram_start, ABSOLUTE (.))
 *(.sram. sram.*)
                0x00008248                . = ALIGN (0x4)
                0x00008248                PROVIDE (_alt_partition_sram_end, ABSOLUTE (.))
                0x00008248                _end = ABSOLUTE (.)
                0x00008248                end = ABSOLUTE (.)
                0x00008248                __alt_stack_base = ABSOLUTE (.)
                0x00008248                PROVIDE (_alt_partition_sram_load_addr, LOADADDR (.sram))

.stab
 *(.stab)

.stabstr
 *(.stabstr)

.stab.excl
 *(.stab.excl)

.stab.exclstr
 *(.stab.exclstr)

.stab.index
 *(.stab.index)

.stab.indexstr
 *(.stab.indexstr)

.comment        0x00000000       0x26
 *(.comment)
 .comment       0x00000000       0x26 obj/hello_world_small.o
                                 0x27 (size before relaxing)
 .comment       0x00000000       0x27 ../test_pwm_bsp/\libhal_bsp.a(alt_load.o)
 .comment       0x00000000       0x27 ../test_pwm_bsp/\libhal_bsp.a(alt_main.o)
 .comment       0x00000000       0x27 ../test_pwm_bsp/\libhal_bsp.a(alt_putstr.o)
 .comment       0x00000000       0x27 ../test_pwm_bsp/\libhal_bsp.a(alt_sys_init.o)
 .comment       0x00000000       0x27 ../test_pwm_bsp/\libhal_bsp.a(altera_avalon_jtag_uart_write.o)
 .comment       0x00000000       0x27 ../test_pwm_bsp/\libhal_bsp.a(alt_dcache_flush_all.o)
 .comment       0x00000000       0x27 ../test_pwm_bsp/\libhal_bsp.a(alt_icache_flush_all.o)
 .comment       0x00000000       0x27 ../test_pwm_bsp/\libhal_bsp.a(altera_nios2_irq.o)
 .comment       0x00000000       0x27 c:/altera/11.0sp1/nios2eds/bin/gnu/h-i686-mingw32/bin/../lib/gcc/nios2-elf/4.1.2/../../../../nios2-elf/lib/mno-hw-mul\libsmallc.a(lib_a-strlen.o)

.debug
 *(.debug)

.line
 *(.line)

.debug_srcinfo
 *(.debug_srcinfo)

.debug_sfnames
 *(.debug_sfnames)

.debug_aranges  0x00000000      0x168
 *(.debug_aranges)
 .debug_aranges
                0x00000000       0x28 ../test_pwm_bsp//obj/HAL/src/crt0.o
 .debug_aranges
                0x00000028       0x20 obj/hello_world_small.o
 .debug_aranges
                0x00000048       0x20 ../test_pwm_bsp/\libhal_bsp.a(alt_load.o)
 .debug_aranges
                0x00000068       0x20 ../test_pwm_bsp/\libhal_bsp.a(alt_main.o)
 .debug_aranges
                0x00000088       0x20 ../test_pwm_bsp/\libhal_bsp.a(alt_putstr.o)
 .debug_aranges
                0x000000a8       0x20 ../test_pwm_bsp/\libhal_bsp.a(alt_sys_init.o)
 .debug_aranges
                0x000000c8       0x20 ../test_pwm_bsp/\libhal_bsp.a(altera_avalon_jtag_uart_write.o)
 .debug_aranges
                0x000000e8       0x20 ../test_pwm_bsp/\libhal_bsp.a(alt_dcache_flush_all.o)
 .debug_aranges
                0x00000108       0x20 ../test_pwm_bsp/\libhal_bsp.a(alt_icache_flush_all.o)
 .debug_aranges
                0x00000128       0x20 ../test_pwm_bsp/\libhal_bsp.a(altera_nios2_irq.o)
 .debug_aranges
                0x00000148       0x20 c:/altera/11.0sp1/nios2eds/bin/gnu/h-i686-mingw32/bin/../lib/gcc/nios2-elf/4.1.2/../../../../nios2-elf/lib/mno-hw-mul\libsmallc.a(lib_a-strlen.o)

.debug_pubnames
                0x00000000      0x1b8
 *(.debug_pubnames)
 .debug_pubnames
                0x00000000       0x1b obj/hello_world_small.o
 .debug_pubnames
                0x0000001b       0x1f ../test_pwm_bsp/\libhal_bsp.a(alt_load.o)
 .debug_pubnames
                0x0000003a       0x46 ../test_pwm_bsp/\libhal_bsp.a(alt_main.o)
 .debug_pubnames
                0x00000080       0x21 ../test_pwm_bsp/\libhal_bsp.a(alt_putstr.o)
 .debug_pubnames
                0x000000a1       0x44 ../test_pwm_bsp/\libhal_bsp.a(alt_sys_init.o)
 .debug_pubnames
                0x000000e5       0x34 ../test_pwm_bsp/\libhal_bsp.a(altera_avalon_jtag_uart_write.o)
 .debug_pubnames
                0x00000119       0x2b ../test_pwm_bsp/\libhal_bsp.a(alt_dcache_flush_all.o)
 .debug_pubnames
                0x00000144       0x2b ../test_pwm_bsp/\libhal_bsp.a(alt_icache_flush_all.o)
 .debug_pubnames
                0x0000016f       0x2c ../test_pwm_bsp/\libhal_bsp.a(altera_nios2_irq.o)
 .debug_pubnames
                0x0000019b       0x1d c:/altera/11.0sp1/nios2eds/bin/gnu/h-i686-mingw32/bin/../lib/gcc/nios2-elf/4.1.2/../../../../nios2-elf/lib/mno-hw-mul\libsmallc.a(lib_a-strlen.o)

.debug_info     0x00000000      0x959
 *(.debug_info .gnu.linkonce.wi.*)
 .debug_info    0x00000000       0x87 ../test_pwm_bsp//obj/HAL/src/crt0.o
 .debug_info    0x00000087       0x45 obj/hello_world_small.o
 .debug_info    0x000000cc      0x12e ../test_pwm_bsp/\libhal_bsp.a(alt_load.o)
 .debug_info    0x000001fa      0x125 ../test_pwm_bsp/\libhal_bsp.a(alt_main.o)
 .debug_info    0x0000031f       0xc5 ../test_pwm_bsp/\libhal_bsp.a(alt_putstr.o)
 .debug_info    0x000003e4      0x17d ../test_pwm_bsp/\libhal_bsp.a(alt_sys_init.o)
 .debug_info    0x00000561      0x18f ../test_pwm_bsp/\libhal_bsp.a(altera_avalon_jtag_uart_write.o)
 .debug_info    0x000006f0       0x8d ../test_pwm_bsp/\libhal_bsp.a(alt_dcache_flush_all.o)
 .debug_info    0x0000077d       0x8d ../test_pwm_bsp/\libhal_bsp.a(alt_icache_flush_all.o)
 .debug_info    0x0000080a       0x8d ../test_pwm_bsp/\libhal_bsp.a(altera_nios2_irq.o)
 .debug_info    0x00000897       0xc2 c:/altera/11.0sp1/nios2eds/bin/gnu/h-i686-mingw32/bin/../lib/gcc/nios2-elf/4.1.2/../../../../nios2-elf/lib/mno-hw-mul\libsmallc.a(lib_a-strlen.o)

.debug_abbrev   0x00000000      0x509
 *(.debug_abbrev)
 .debug_abbrev  0x00000000       0x12 ../test_pwm_bsp//obj/HAL/src/crt0.o
 .debug_abbrev  0x00000012       0x34 obj/hello_world_small.o
 .debug_abbrev  0x00000046       0x97 ../test_pwm_bsp/\libhal_bsp.a(alt_load.o)
 .debug_abbrev  0x000000dd       0xa6 ../test_pwm_bsp/\libhal_bsp.a(alt_main.o)
 .debug_abbrev  0x00000183       0x7c ../test_pwm_bsp/\libhal_bsp.a(alt_putstr.o)
 .debug_abbrev  0x000001ff       0xe3 ../test_pwm_bsp/\libhal_bsp.a(alt_sys_init.o)
 .debug_abbrev  0x000002e2       0xf0 ../test_pwm_bsp/\libhal_bsp.a(altera_avalon_jtag_uart_write.o)
 .debug_abbrev  0x000003d2       0x3f ../test_pwm_bsp/\libhal_bsp.a(alt_dcache_flush_all.o)
 .debug_abbrev  0x00000411       0x3f ../test_pwm_bsp/\libhal_bsp.a(alt_icache_flush_all.o)
 .debug_abbrev  0x00000450       0x3f ../test_pwm_bsp/\libhal_bsp.a(altera_nios2_irq.o)
 .debug_abbrev  0x0000048f       0x7a c:/altera/11.0sp1/nios2eds/bin/gnu/h-i686-mingw32/bin/../lib/gcc/nios2-elf/4.1.2/../../../../nios2-elf/lib/mno-hw-mul\libsmallc.a(lib_a-strlen.o)

.debug_line     0x00000000     0x150c
 *(.debug_line)
 .debug_line    0x00000000       0x66 ../test_pwm_bsp//obj/HAL/src/crt0.o
 .debug_line    0x00000066       0xf7 obj/hello_world_small.o
 .debug_line    0x0000015d      0x217 ../test_pwm_bsp/\libhal_bsp.a(alt_load.o)
 .debug_line    0x00000374      0x2c2 ../test_pwm_bsp/\libhal_bsp.a(alt_main.o)
 .debug_line    0x00000636      0x1d9 ../test_pwm_bsp/\libhal_bsp.a(alt_putstr.o)
 .debug_line    0x0000080f      0x286 ../test_pwm_bsp/\libhal_bsp.a(alt_sys_init.o)
 .debug_line    0x00000a95      0x2f4 ../test_pwm_bsp/\libhal_bsp.a(altera_avalon_jtag_uart_write.o)
 .debug_line    0x00000d89      0x1b5 ../test_pwm_bsp/\libhal_bsp.a(alt_dcache_flush_all.o)
 .debug_line    0x00000f3e      0x1b5 ../test_pwm_bsp/\libhal_bsp.a(alt_icache_flush_all.o)
 .debug_line    0x000010f3      0x1c9 ../test_pwm_bsp/\libhal_bsp.a(altera_nios2_irq.o)
 .debug_line    0x000012bc      0x250 c:/altera/11.0sp1/nios2eds/bin/gnu/h-i686-mingw32/bin/../lib/gcc/nios2-elf/4.1.2/../../../../nios2-elf/lib/mno-hw-mul\libsmallc.a(lib_a-strlen.o)

.debug_frame    0x00000000      0x188
 *(.debug_frame)
 .debug_frame   0x00000000       0x28 obj/hello_world_small.o
 .debug_frame   0x00000028       0x38 ../test_pwm_bsp/\libhal_bsp.a(alt_load.o)
 .debug_frame   0x00000060       0x28 ../test_pwm_bsp/\libhal_bsp.a(alt_main.o)
 .debug_frame   0x00000088       0x28 ../test_pwm_bsp/\libhal_bsp.a(alt_putstr.o)
 .debug_frame   0x000000b0       0x38 ../test_pwm_bsp/\libhal_bsp.a(alt_sys_init.o)
 .debug_frame   0x000000e8       0x20 ../test_pwm_bsp/\libhal_bsp.a(altera_avalon_jtag_uart_write.o)
 .debug_frame   0x00000108       0x20 ../test_pwm_bsp/\libhal_bsp.a(alt_dcache_flush_all.o)
 .debug_frame   0x00000128       0x20 ../test_pwm_bsp/\libhal_bsp.a(alt_icache_flush_all.o)
 .debug_frame   0x00000148       0x20 ../test_pwm_bsp/\libhal_bsp.a(altera_nios2_irq.o)
 .debug_frame   0x00000168       0x20 c:/altera/11.0sp1/nios2eds/bin/gnu/h-i686-mingw32/bin/../lib/gcc/nios2-elf/4.1.2/../../../../nios2-elf/lib/mno-hw-mul\libsmallc.a(lib_a-strlen.o)

.debug_str      0x00000000      0x527
 *(.debug_str)
 .debug_str     0x00000000       0x72 obj/hello_world_small.o
                                 0x77 (size before relaxing)
 .debug_str     0x00000072      0x197 ../test_pwm_bsp/\libhal_bsp.a(alt_load.o)
                                0x1dc (size before relaxing)
 .debug_str     0x00000209       0x75 ../test_pwm_bsp/\libhal_bsp.a(alt_main.o)
                                0x160 (size before relaxing)
 .debug_str     0x0000027e       0x4c ../test_pwm_bsp/\libhal_bsp.a(alt_putstr.o)
                                0x137 (size before relaxing)
 .debug_str     0x000002ca       0x85 ../test_pwm_bsp/\libhal_bsp.a(alt_sys_init.o)
                                0x1d5 (size before relaxing)
 .debug_str     0x0000034f       0x56 ../test_pwm_bsp/\libhal_bsp.a(altera_avalon_jtag_uart_write.o)
                                0x1d8 (size before relaxing)
 .debug_str     0x000003a5       0x34 ../test_pwm_bsp/\libhal_bsp.a(alt_dcache_flush_all.o)
                                0x11f (size before relaxing)
 .debug_str     0x000003d9       0x34 ../test_pwm_bsp/\libhal_bsp.a(alt_icache_flush_all.o)
                                0x11f (size before relaxing)
 .debug_str     0x0000040d       0x31 ../test_pwm_bsp/\libhal_bsp.a(altera_nios2_irq.o)
                                0x11c (size before relaxing)
 .debug_str     0x0000043e       0xe9 c:/altera/11.0sp1/nios2eds/bin/gnu/h-i686-mingw32/bin/../lib/gcc/nios2-elf/4.1.2/../../../../nios2-elf/lib/mno-hw-mul\libsmallc.a(lib_a-strlen.o)
                                0x184 (size before relaxing)

.debug_loc      0x00000000      0x11b
 *(.debug_loc)
 .debug_loc     0x00000000       0x1f obj/hello_world_small.o
 .debug_loc     0x0000001f       0x1f ../test_pwm_bsp/\libhal_bsp.a(alt_load.o)
 .debug_loc     0x0000003e       0x1f ../test_pwm_bsp/\libhal_bsp.a(alt_main.o)
 .debug_loc     0x0000005d       0x48 ../test_pwm_bsp/\libhal_bsp.a(alt_putstr.o)
 .debug_loc     0x000000a5       0x32 ../test_pwm_bsp/\libhal_bsp.a(alt_sys_init.o)
 .debug_loc     0x000000d7       0x26 ../test_pwm_bsp/\libhal_bsp.a(altera_avalon_jtag_uart_write.o)
 .debug_loc     0x000000fd       0x1e c:/altera/11.0sp1/nios2eds/bin/gnu/h-i686-mingw32/bin/../lib/gcc/nios2-elf/4.1.2/../../../../nios2-elf/lib/mno-hw-mul\libsmallc.a(lib_a-strlen.o)

.debug_macinfo
 *(.debug_macinfo)

.debug_weaknames
 *(.debug_weaknames)

.debug_funcnames
 *(.debug_funcnames)

.debug_typenames
 *(.debug_typenames)

.debug_varnames
 *(.debug_varnames)

.debug_alt_sim_info
                0x00000000       0x10
 *(.debug_alt_sim_info)
 .debug_alt_sim_info
                0x00000000       0x10 ../test_pwm_bsp//obj/HAL/src/crt0.o
                0x0000d000                __alt_data_end = 0xd000
                0x0000d000                PROVIDE (__alt_stack_pointer, __alt_data_end)
                0x00008248                PROVIDE (__alt_stack_limit, __alt_stack_base)
                0x00008248                PROVIDE (__alt_heap_start, end)
                0x0000d000                PROVIDE (__alt_heap_limit, 0xd000)
OUTPUT(test_pwm.elf elf32-littlenios2)

.debug_ranges   0x00000000       0x20
 .debug_ranges  0x00000000       0x20 ../test_pwm_bsp//obj/HAL/src/crt0.o
